Archive member included to satisfy reference by file (symbol)

.pio/build/genericSTM32F411CE/libf4f/libWire.a(Wire.cpp.o)
                              .pio/build/genericSTM32F411CE/src/main.cpp.o (TwoWire::read())
.pio/build/genericSTM32F411CE/libf4f/libWire.a(twi.c.o)
                              .pio/build/genericSTM32F411CE/libf4f/libWire.a(Wire.cpp.o) (i2c_init)
.pio/build/genericSTM32F411CE/libf63/libSimple FOC.a(BLDCMotor.cpp.o)
                              .pio/build/genericSTM32F411CE/src/main.cpp.o (BLDCMotor::linkDriver(BLDCDriver*))
.pio/build/genericSTM32F411CE/libf63/libSimple FOC.a(FOCMotor.cpp.o)
                              .pio/build/genericSTM32F411CE/libf63/libSimple FOC.a(BLDCMotor.cpp.o) (FOCMotor::FOCMotor())
.pio/build/genericSTM32F411CE/libf63/libSimple FOC.a(foc_utils.cpp.o)
                              .pio/build/genericSTM32F411CE/libf63/libSimple FOC.a(BLDCMotor.cpp.o) (_sincos(float, float*, float*))
.pio/build/genericSTM32F411CE/libf63/libSimple FOC.a(lowpass_filter.cpp.o)
                              .pio/build/genericSTM32F411CE/libf63/libSimple FOC.a(FOCMotor.cpp.o) (LowPassFilter::LowPassFilter(float, float))
.pio/build/genericSTM32F411CE/libf63/libSimple FOC.a(pid.cpp.o)
                              .pio/build/genericSTM32F411CE/libf63/libSimple FOC.a(FOCMotor.cpp.o) (PIDController::PIDController(float, float, float, float, float, float))
.pio/build/genericSTM32F411CE/libf63/libSimple FOC.a(time_utils.cpp.o)
                              .pio/build/genericSTM32F411CE/libf63/libSimple FOC.a(BLDCMotor.cpp.o) (_delay(unsigned long))
.pio/build/genericSTM32F411CE/libf63/libSimple FOC.a(SimpleFOCDebug.cpp.o)
                              .pio/build/genericSTM32F411CE/libf63/libSimple FOC.a(FOCMotor.cpp.o) (SimpleFOCDebug::enable(Print*))
.pio/build/genericSTM32F411CE/libf63/libSimple FOC.a(BLDCDriver3PWM.cpp.o)
                              .pio/build/genericSTM32F411CE/src/main.cpp.o (BLDCDriver3PWM::init())
.pio/build/genericSTM32F411CE/libf63/libSimple FOC.a(generic_mcu.cpp.o)
                              .pio/build/genericSTM32F411CE/libf63/libSimple FOC.a(BLDCDriver3PWM.cpp.o) (_configure3PWM(long, int, int, int))
.pio/build/genericSTM32F411CE/libf63/libSimple FOC.a(MagneticSensorSPI.cpp.o)
                              .pio/build/genericSTM32F411CE/src/main.cpp.o (MagneticSensorSPI::MagneticSensorSPI(MagneticSensorSPIConfig_s, int, long))
.pio/build/genericSTM32F411CE/libf63/libSimple FOC.a(CurrentSense.cpp.o)
                              .pio/build/genericSTM32F411CE/libf63/libSimple FOC.a(FOCMotor.cpp.o) (CurrentSense::getABCurrents(Phase_s))
.pio/build/genericSTM32F411CE/libf63/libSimple FOC.a(Sensor.cpp.o)
                              .pio/build/genericSTM32F411CE/libf63/libSimple FOC.a(MagneticSensorSPI.cpp.o) (Sensor::getVelocity())
.pio/build/genericSTM32F411CE/libFrameworkArduino.a(Print.cpp.o)
                              .pio/build/genericSTM32F411CE/libf63/libSimple FOC.a(SimpleFOCDebug.cpp.o) (Print::print(__FlashStringHelper const*))
.pio/build/genericSTM32F411CE/libFrameworkArduino.a(Stream.cpp.o)
                              .pio/build/genericSTM32F411CE/libf4f/libWire.a(Wire.cpp.o) (Stream::readBytes(char*, unsigned int))
.pio/build/genericSTM32F411CE/libFrameworkArduino.a(WString.cpp.o)
                              .pio/build/genericSTM32F411CE/libFrameworkArduino.a(Stream.cpp.o) (String::String(char const*))
.pio/build/genericSTM32F411CE/libFrameworkArduino.a(dtostrf.c.o)
                              .pio/build/genericSTM32F411CE/libFrameworkArduino.a(WString.cpp.o) (dtostrf)
.pio/build/genericSTM32F411CE/libFrameworkArduino.a(itoa.c.o)
                              .pio/build/genericSTM32F411CE/libFrameworkArduino.a(WString.cpp.o) (ltoa)
.pio/build/genericSTM32F411CE/libFrameworkArduino.a(main.cpp.o)
                              c:/users/choel/.platformio/packages/toolchain-gccarmnoneeabi/bin/../lib/gcc/arm-none-eabi/12.3.1/../../../../arm-none-eabi/lib/thumb/v7e-m+fp/hard/crt0.o (main)
.pio/build/genericSTM32F411CE/libFrameworkArduino.a(pins_arduino.c.o)
                              .pio/build/genericSTM32F411CE/libf4f/libWire.a(Wire.cpp.o) (pinNametoDigitalPin)
.pio/build/genericSTM32F411CE/libFrameworkArduino.a(startup_stm32yyxx.S.o)
                              (Reset_Handler)
.pio/build/genericSTM32F411CE/libFrameworkArduino.a(wiring_analog.c.o)
                              .pio/build/genericSTM32F411CE/libf63/libSimple FOC.a(generic_mcu.cpp.o) (analogWrite)
.pio/build/genericSTM32F411CE/libFrameworkArduino.a(wiring_digital.c.o)
                              .pio/build/genericSTM32F411CE/libf4f/libWire.a(Wire.cpp.o) (pinMode)
.pio/build/genericSTM32F411CE/libFrameworkArduino.a(wiring_time.c.o)
                              .pio/build/genericSTM32F411CE/USBDevice/src/USBSerial.cpp.o (millis)
.pio/build/genericSTM32F411CE/libFrameworkArduino.a(WSerial.cpp.o)
[...]
Memory Configuration

Name             Origin             Length             Attributes
*default*        0x00000000         0xffffffff
RAM              0x20000000         0x00020000         xrw
FLASH            0x08000000         0x00080000         xr

Linker script and memory map

                0x20020000                        _estack = (ORIGIN (RAM) + LENGTH (RAM))
                0x00000200                        _Min_Heap_Size = 0x200
                0x00000400                        _Min_Stack_Size = 0x400

.isr_vector     0x08000000      0x198
                0x08000000                        . = ALIGN (0x4)
 *(.isr_vector)
 .isr_vector    0x08000000      0x198 .pio/build/genericSTM32F411CE/libFrameworkArduino.a(startup_stm32yyxx.S.o)
                0x08000000                g_pfnVectors
                0x08000198                        . = ALIGN (0x4)

.text           0x08000198     0xc168
                0x08000198                        . = ALIGN (0x4)
 *(.text)
 .text          0x08000198      0x378 c:/users/choel/.platformio/packages/toolchain-gccarmnoneeabi/bin/../lib/gcc/arm-none-eabi/12.3.1/thumb/v7e-m+fp/hard\libgcc.a(_arm_addsubdf3.o)
                0x08000198                __aeabi_drsub
                0x080001a0                __aeabi_dsub
                0x080001a0                __subdf3
                0x080001a4                __aeabi_dadd
                0x080001a4                __adddf3
                0x0800041c                __floatunsidf
                0x0800041c                __aeabi_ui2d
                0x0800043c                __floatsidf
                0x0800043c                __aeabi_i2d
                0x08000460                __aeabi_f2d
                0x08000460                __extendsfdf2
                0x080004a4                __floatundidf
                0x080004a4                __aeabi_ul2d
                0x080004b4                __floatdidf
                0x080004b4                __aeabi_l2d
 .text          0x08000510      0x424 c:/users/choel/.platformio/packages/toolchain-gccarmnoneeabi/bin/../lib/gcc/arm-none-eabi/12.3.1/thumb/v7e-m+fp/hard\libgcc.a(_arm_muldivdf3.o)
                0x08000510                __aeabi_dmul
                0x08000510                __muldf3
                0x08000764                __divdf3
                0x08000764                __aeabi_ddiv
 .text          0x08000934       0xa0 c:/users/choel/.platformio/packages/toolchain-gccarmnoneeabi/bin/../lib/gcc/arm-none-eabi/12.3.1/thumb/v7e-m+fp/hard\libgcc.a(_arm_truncdfsf2.o)
                0x08000934                __truncdfsf2
                0x08000934                __aeabi_d2f
 .text          0x080009d4       0x30 c:/users/choel/.platformio/packages/toolchain-gccarmnoneeabi/bin/../lib/gcc/arm-none-eabi/12.3.1/thumb/v7e-m+fp/hard\libgcc.a(_aeabi_uldivmod.o)
                0x080009d4                __aeabi_uldivmod
 .text          0x08000a04        0x4 c:/users/choel/.platformio/packages/toolchain-gccarmnoneeabi/bin/../lib/gcc/arm-none-eabi/12.3.1/thumb/v7e-m+fp/hard\libgcc.a(_dvmd_tls.o)
                0x08000a04                __aeabi_idiv0
                0x08000a04                __aeabi_ldiv0
 .text          0x08000a08       0x10 c:/users/choel/.platformio/packages/toolchain-gccarmnoneeabi/bin/../lib/gcc/arm-none-eabi/12.3.1/../../../../arm-none-eabi/lib/thumb/v7e-m+fp/hard\libc_nano.a(libc_a-strlen.o)
                0x08000a08                strlen
 *(.text*)
 .text.__do_global_dtors_aux
                0x08000a18       0x24 c:/users/choel/.platformio/packages/toolchain-gccarmnoneeabi/bin/../lib/gcc/arm-none-eabi/12.3.1/thumb/v7e-m+fp/hard/crtbegin.o
 .text.frame_dummy
                0x08000a3c       0x1c c:/users/choel/.platformio/packages/toolchain-gccarmnoneeabi/bin/../lib/gcc/arm-none-eabi/12.3.1/thumb/v7e-m+fp/hard/crtbegin.o
 .text._ZN9USBSerial5writeEh
                0x08000a58       0x18 .pio/build/genericSTM32F411CE/USBDevice/src/USBSerial.cpp.o
                0x08000a58                USBSerial::write(unsigned char)
 .text._ZN9USBSerial17availableForWriteEv
                0x08000a70        0xc .pio/build/genericSTM32F411CE/USBDevice/src/USBSerial.cpp.o
                0x08000a70                USBSerial::availableForWrite()
 .text._ZN9USBSerial5writeEPKhj
                0x08000a7c       0x48 .pio/build/genericSTM32F411CE/USBDevice/src/USBSerial.cpp.o
                0x08000a7c                USBSerial::write(unsigned char const*, unsigned int)
 .text._ZN9USBSerial9availableEv
                0x08000ac4        0xc .pio/build/genericSTM32F411CE/USBDevice/src/USBSerial.cpp.o
                0x08000ac4                USBSerial::available()
 .text._ZN9USBSerial4readEv
                0x08000ad0       0x18 .pio/build/genericSTM32F411CE/USBDevice/src/USBSerial.cpp.o
                0x08000ad0                USBSerial::read()
 .text._ZN9USBSerial9readBytesEPcj
                0x08000ae8       0x4c .pio/build/genericSTM32F411CE/USBDevice/src/USBSerial.cpp.o
                0x08000ae8                USBSerial::readBytes(char*, unsigned int)
 .text._ZN9USBSerial14readBytesUntilEcPcj
                0x08000b34       0x68 .pio/build/genericSTM32F411CE/USBDevice/src/USBSerial.cpp.o
                0x08000b34                USBSerial::readBytesUntil(char, char*, unsigned int)
 .text._ZN9USBSerial4peekEv
                0x08000b9c        0xc .pio/build/genericSTM32F411CE/USBDevice/src/USBSerial.cpp.o
                0x08000b9c                USBSerial::peek()
 .text._ZN9USBSerial5flushEv
                0x08000ba8       0x14 .pio/build/genericSTM32F411CE/USBDevice/src/USBSerial.cpp.o
                0x08000ba8                USBSerial::flush()
 .text._ZN9USBSerial5beginEm
                0x08000bbc        0x4 .pio/build/genericSTM32F411CE/USBDevice/src/USBSerial.cpp.o
                0x08000bbc                USBSerial::begin(unsigned long)
 .text.startup._GLOBAL__sub_I_SerialUSB
                0x08000bc0       0x1c .pio/build/genericSTM32F411CE/USBDevice/src/USBSerial.cpp.o
 .text.CDC_TransmitQueue_Init
                0x08000bdc        0xc .pio/build/genericSTM32F411CE/USBDevice/src/cdc/cdc_queue.c.o
                0x08000bdc                CDC_TransmitQueue_Init
 .text.CDC_TransmitQueue_WriteSize
                0x08000be8       0x20 .pio/build/genericSTM32F411CE/USBDevice/src/cdc/cdc_queue.c.o
                0x08000be8                CDC_TransmitQueue_WriteSize
 .text.CDC_TransmitQueue_ReadSize
                0x08000c08       0x22 .pio/build/genericSTM32F411CE/USBDevice/src/cdc/cdc_queue.c.o
                0x08000c08                CDC_TransmitQueue_ReadSize
 .text.CDC_TransmitQueue_Enqueue
                0x08000c2a       0x46 .pio/build/genericSTM32F411CE/USBDevice/src/cdc/cdc_queue.c.o
                0x08000c2a                CDC_TransmitQueue_Enqueue
 .text.CDC_TransmitQueue_ReadBlock
                0x08000c70       0x36 .pio/build/genericSTM32F411CE/USBDevice/src/cdc/cdc_queue.c.o
                0x08000c70                CDC_TransmitQueue_ReadBlock
 .text.CDC_TransmitQueue_CommitRead
                0x08000ca6       0x14 .pio/build/genericSTM32F411CE/USBDevice/src/cdc/cdc_queue.c.o
                0x08000ca6                CDC_TransmitQueue_CommitRead
 .text.CDC_ReceiveQueue_Init
                0x08000cba       0x12 .pio/build/genericSTM32F411CE/USBDevice/src/cdc/cdc_queue.c.o
                0x08000cba                CDC_ReceiveQueue_Init
 .text.CDC_ReceiveQueue_ReserveBlock
                0x08000ccc       0x74 .pio/build/genericSTM32F411CE/USBDevice/src/cdc/cdc_queue.c.o
                0x08000ccc                CDC_ReceiveQueue_ReserveBlock
 .text.CDC_ReceiveQueue_CommitBlock
                0x08000d40       0x36 .pio/build/genericSTM32F411CE/USBDevice/src/cdc/cdc_queue.c.o
                0x08000d40                CDC_ReceiveQueue_CommitBlock
 .text.CDC_ReceiveQueue_ReadSize
                0x08000d76       0x50 .pio/build/genericSTM32F411CE/USBDevice/src/cdc/cdc_queue.c.o
                0x08000d76                CDC_ReceiveQueue_ReadSize
 .text.CDC_ReceiveQueue_Dequeue
                0x08000dc6       0x6e .pio/build/genericSTM32F411CE/USBDevice/src/cdc/cdc_queue.c.o
                0x08000dc6                CDC_ReceiveQueue_Dequeue
 .text.CDC_ReceiveQueue_Peek
                0x08000e34       0x4c .pio/build/genericSTM32F411CE/USBDevice/src/cdc/cdc_queue.c.o
                0x08000e34                CDC_ReceiveQueue_Peek
 .text.CDC_ReceiveQueue_Read
                0x08000e80       0x90 .pio/build/genericSTM32F411CE/USBDevice/src/cdc/cdc_queue.c.o
                0x08000e80                CDC_ReceiveQueue_Read
 .text.CDC_ReceiveQueue_ReadUntil
                0x08000f10       0xd0 .pio/build/genericSTM32F411CE/USBDevice/src/cdc/cdc_queue.c.o
                0x08000f10                CDC_ReceiveQueue_ReadUntil
 .text.USBD_CDC_EP0_RxReady
                0x08000fe0       0x38 .pio/build/genericSTM32F411CE/USBDevice/src/cdc/usbd_cdc.c.o
 .text.USBD_CDC_GetDeviceQualifierDescriptor
                0x08001018        0xc .pio/build/genericSTM32F411CE/USBDevice/src/cdc/usbd_cdc.c.o
                0x08001018                USBD_CDC_GetDeviceQualifierDescriptor
 .text.USBD_CDC_GetOtherSpeedCfgDesc
                0x08001024       0x48 .pio/build/genericSTM32F411CE/USBDevice/src/cdc/usbd_cdc.c.o
 .text.USBD_CDC_GetFSCfgDesc
                0x0800106c       0x48 .pio/build/genericSTM32F411CE/USBDevice/src/cdc/usbd_cdc.c.o
 .text.USBD_CDC_GetHSCfgDesc
                0x080010b4       0x48 .pio/build/genericSTM32F411CE/USBDevice/src/cdc/usbd_cdc.c.o
 .text.USBD_CDC_DataOut
                0x080010fc       0x38 .pio/build/genericSTM32F411CE/USBDevice/src/cdc/usbd_cdc.c.o
 .text.USBD_CDC_DataIn
                0x08001134       0x64 .pio/build/genericSTM32F411CE/USBDevice/src/cdc/usbd_cdc.c.o
 .text.USBD_CDC_Setup
                0x08001198       0xf0 .pio/build/genericSTM32F411CE/USBDevice/src/cdc/usbd_cdc.c.o
 .text.USBD_CDC_DeInit
                0x08001288       0x4e .pio/build/genericSTM32F411CE/USBDevice/src/cdc/usbd_cdc.c.o
 *fill*         0x080012d6        0x2 
 .text.USBD_CDC_Init
                0x080012d8       0xbc .pio/build/genericSTM32F411CE/USBDevice/src/cdc/usbd_cdc.c.o
 .text.USBD_CDC_RegisterInterface
                0x08001394       0x16 .pio/build/genericSTM32F411CE/USBDevice/src/cdc/usbd_cdc.c.o
                0x08001394                USBD_CDC_RegisterInterface
 .text.USBD_CDC_SetTxBuffer
                0x080013aa       0x1c .pio/build/genericSTM32F411CE/USBDevice/src/cdc/usbd_cdc.c.o
                0x080013aa                USBD_CDC_SetTxBuffer
 .text.USBD_CDC_SetRxBuffer
                0x080013c6       0x18 .pio/build/genericSTM32F411CE/USBDevice/src/cdc/usbd_cdc.c.o
                0x080013c6                USBD_CDC_SetRxBuffer
 .text.USBD_CDC_TransmitPacket
                0x080013de       0x36 .pio/build/genericSTM32F411CE/USBDevice/src/cdc/usbd_cdc.c.o
                0x080013de                USBD_CDC_TransmitPacket
 .text.USBD_CDC_ReceivePacket
                0x08001414       0x2c .pio/build/genericSTM32F411CE/USBDevice/src/cdc/usbd_cdc.c.o
                0x08001414                USBD_CDC_ReceivePacket
 .text.USBD_CDC_ClearBuffer
                0x08001440       0x20 .pio/build/genericSTM32F411CE/USBDevice/src/cdc/usbd_cdc.c.o
                0x08001440                USBD_CDC_ClearBuffer
 .text.USBD_CDC_DeInit
                0x08001460        0x4 .pio/build/genericSTM32F411CE/USBDevice/src/cdc/usbd_cdc_if.c.o
 .text.USBD_CDC_Control
                0x08001464       0x84 .pio/build/genericSTM32F411CE/USBDevice/src/cdc/usbd_cdc_if.c.o
 .text.USBD_CDC_Init
                0x080014e8       0x38 .pio/build/genericSTM32F411CE/USBDevice/src/cdc/usbd_cdc_if.c.o
 .text.CDC_init
                0x08001520       0x48 .pio/build/genericSTM32F411CE/USBDevice/src/cdc/usbd_cdc_if.c.o
                0x08001520                CDC_init
 .text.CDC_connected
                0x08001568       0x40 .pio/build/genericSTM32F411CE/USBDevice/src/cdc/usbd_cdc_if.c.o
                0x08001568                CDC_connected
 .text.CDC_continue_transmit
                0x080015a8       0x4c .pio/build/genericSTM32F411CE/USBDevice/src/cdc/usbd_cdc_if.c.o
                0x080015a8                CDC_continue_transmit
 .text.USBD_CDC_TransmitCplt
                0x080015f4       0x20 .pio/build/genericSTM32F411CE/USBDevice/src/cdc/usbd_cdc_if.c.o
 .text.CDC_resume_receive
                0x08001614       0x38 .pio/build/genericSTM32F411CE/USBDevice/src/cdc/usbd_cdc_if.c.o
                0x08001614                CDC_resume_receive
 .text.USBD_CDC_Receive
                0x0800164c       0x2c .pio/build/genericSTM32F411CE/USBDevice/src/cdc/usbd_cdc_if.c.o
 .text.USBD_Init
                0x08001678       0x26 .pio/build/genericSTM32F411CE/USBDevice/src/usb_device_core.c.o
                0x08001678                USBD_Init
 .text.USBD_RegisterClass
                0x0800169e       0x32 .pio/build/genericSTM32F411CE/USBDevice/src/usb_device_core.c.o
                0x0800169e                USBD_RegisterClass
 .text.USBD_Start
                0x080016d0        0x4 .pio/build/genericSTM32F411CE/USBDevice/src/usb_device_core.c.o
                0x080016d0                USBD_Start
 .text.USBD_SetClassConfig
                0x080016d4        0xe .pio/build/genericSTM32F411CE/USBDevice/src/usb_device_core.c.o
                0x080016d4                USBD_SetClassConfig
 .text.USBD_ClrClassConfig
                0x080016e2       0x12 .pio/build/genericSTM32F411CE/USBDevice/src/usb_device_core.c.o
                0x080016e2                USBD_ClrClassConfig
 .text.USBD_LL_SetupStage
                0x080016f4       0x60 .pio/build/genericSTM32F411CE/USBDevice/src/usb_device_core.c.o
                0x080016f4                USBD_LL_SetupStage
 .text.USBD_LL_DataOutStage
                0x08001754       0x6a .pio/build/genericSTM32F411CE/USBDevice/src/usb_device_core.c.o
                0x08001754                USBD_LL_DataOutStage
 .text.USBD_LL_DataInStage
                0x080017be       0xa6 .pio/build/genericSTM32F411CE/USBDevice/src/usb_device_core.c.o
                0x080017be                USBD_LL_DataInStage
 .text.USBD_LL_Reset
                0x08001864       0x5e .pio/build/genericSTM32F411CE/USBDevice/src/usb_device_core.c.o
                0x08001864                USBD_LL_Reset
 .text.USBD_LL_SetSpeed
                0x080018c2        0x6 .pio/build/genericSTM32F411CE/USBDevice/src/usb_device_core.c.o
                0x080018c2                USBD_LL_SetSpeed
 .text.USBD_LL_Suspend
                0x080018c8       0x1c .pio/build/genericSTM32F411CE/USBDevice/src/usb_device_core.c.o
                0x080018c8                USBD_LL_Suspend
 .text.USBD_LL_Resume
                0x080018e4       0x16 .pio/build/genericSTM32F411CE/USBDevice/src/usb_device_core.c.o
                0x080018e4                USBD_LL_Resume
 .text.USBD_LL_SOF
                0x080018fa       0x1a .pio/build/genericSTM32F411CE/USBDevice/src/usb_device_core.c.o
                0x080018fa                USBD_LL_SOF
 .text.USBD_LL_IsoINIncomplete
                0x08001914       0x26 .pio/build/genericSTM32F411CE/USBDevice/src/usb_device_core.c.o
                0x08001914                USBD_LL_IsoINIncomplete
 .text.USBD_LL_IsoOUTIncomplete
                0x0800193a       0x26 .pio/build/genericSTM32F411CE/USBDevice/src/usb_device_core.c.o
                0x0800193a                USBD_LL_IsoOUTIncomplete
 .text.USBD_LL_DevConnected
                0x08001960        0x4 .pio/build/genericSTM32F411CE/USBDevice/src/usb_device_core.c.o
                0x08001960                USBD_LL_DevConnected
 .text.USBD_LL_DevDisconnected
                0x08001964       0x20 .pio/build/genericSTM32F411CE/USBDevice/src/usb_device_core.c.o
                0x08001964                USBD_LL_DevDisconnected
 .text.USBD_CoreFindIF
                0x08001984        0x4 .pio/build/genericSTM32F411CE/USBDevice/src/usb_device_core.c.o
                0x08001984                USBD_CoreFindIF
 .text.USBD_CoreFindEP
                0x08001988        0x4 .pio/build/genericSTM32F411CE/USBDevice/src/usb_device_core.c.o
                0x08001988                USBD_CoreFindEP
 .text.USBD_GetEpDesc
                0x0800198c       0x24 .pio/build/genericSTM32F411CE/USBDevice/src/usb_device_core.c.o
                0x0800198c                USBD_GetEpDesc
 .text.USBD_CtlError.constprop.0
                0x080019b0       0x16 .pio/build/genericSTM32F411CE/USBDevice/src/usb_device_ctlreq.c.o
 *fill*         0x080019c6        0x2 
 .text.USBD_StdDevReq
                0x080019c8      0x288 .pio/build/genericSTM32F411CE/USBDevice/src/usb_device_ctlreq.c.o
                0x080019c8                USBD_StdDevReq
 .text.USBD_StdItfReq
                0x08001c50       0x5a .pio/build/genericSTM32F411CE/USBDevice/src/usb_device_ctlreq.c.o
                0x08001c50                USBD_StdItfReq
 .text.USBD_StdEPReq
                0x08001caa      0x13a .pio/build/genericSTM32F411CE/USBDevice/src/usb_device_ctlreq.c.o
                0x08001caa                USBD_StdEPReq
 .text.USBD_ParseSetupRequest
                0x08001de4       0x16 .pio/build/genericSTM32F411CE/USBDevice/src/usb_device_ctlreq.c.o
                0x08001de4                USBD_ParseSetupRequest
 .text.USBD_CtlError
                0x08001dfa       0x16 .pio/build/genericSTM32F411CE/USBDevice/src/usb_device_ctlreq.c.o
                0x08001dfa                USBD_CtlError
 .text.USBD_GetString
                0x08001e10       0x42 .pio/build/genericSTM32F411CE/USBDevice/src/usb_device_ctlreq.c.o
                0x08001e10                USBD_GetString
 .text.USBD_CtlSendData
                0x08001e52       0x1a .pio/build/genericSTM32F411CE/USBDevice/src/usb_device_ioreq.c.o
                0x08001e52                USBD_CtlSendData
 .text.USBD_CtlContinueSendData
                0x08001e6c       0x10 .pio/build/genericSTM32F411CE/USBDevice/src/usb_device_ioreq.c.o
                0x08001e6c                USBD_CtlContinueSendData
 .text.USBD_CtlPrepareRx
                0x08001e7c       0x1a .pio/build/genericSTM32F411CE/USBDevice/src/usb_device_ioreq.c.o
                0x08001e7c                USBD_CtlPrepareRx
 .text.USBD_CtlContinueRx
                0x08001e96       0x10 .pio/build/genericSTM32F411CE/USBDevice/src/usb_device_ioreq.c.o
                0x08001e96                USBD_CtlContinueRx
 .text.USBD_CtlSendStatus
                0x08001ea6       0x16 .pio/build/genericSTM32F411CE/USBDevice/src/usb_device_ioreq.c.o
                0x08001ea6                USBD_CtlSendStatus
 .text.USBD_CtlReceiveStatus
                0x08001ebc       0x16 .pio/build/genericSTM32F411CE/USBDevice/src/usb_device_ioreq.c.o
                0x08001ebc                USBD_CtlReceiveStatus
 *fill*         0x08001ed2        0x2 
 .text.HAL_PCD_MspInit
                0x08001ed4       0x98 .pio/build/genericSTM32F411CE/USBDevice/src/usbd_conf.c.o
                0x08001ed4                HAL_PCD_MspInit
 .text.HAL_PCD_SetupStageCallback
                0x08001f6c        0xc .pio/build/genericSTM32F411CE/USBDevice/src/usbd_conf.c.o
                0x08001f6c                HAL_PCD_SetupStageCallback
 .text.HAL_PCD_DataOutStageCallback
                0x08001f78       0x12 .pio/build/genericSTM32F411CE/USBDevice/src/usbd_conf.c.o
                0x08001f78                HAL_PCD_DataOutStageCallback
 .text.HAL_PCD_DataInStageCallback
                0x08001f8a       0x10 .pio/build/genericSTM32F411CE/USBDevice/src/usbd_conf.c.o
                0x08001f8a                HAL_PCD_DataInStageCallback
 .text.HAL_PCD_SOFCallback
                0x08001f9a        0x8 .pio/build/genericSTM32F411CE/USBDevice/src/usbd_conf.c.o
                0x08001f9a                HAL_PCD_SOFCallback
 .text.HAL_PCD_ResetCallback
                0x08001fa2       0x1a .pio/build/genericSTM32F411CE/USBDevice/src/usbd_conf.c.o
                0x08001fa2                HAL_PCD_ResetCallback
 .text.HAL_PCD_SuspendCallback
                0x08001fbc       0x30 .pio/build/genericSTM32F411CE/USBDevice/src/usbd_conf.c.o
                0x08001fbc                HAL_PCD_SuspendCallback
 .text.HAL_PCD_ResumeCallback
                0x08001fec       0x34 .pio/build/genericSTM32F411CE/USBDevice/src/usbd_conf.c.o
                0x08001fec                HAL_PCD_ResumeCallback
 .text.HAL_PCD_ISOOUTIncompleteCallback
                0x08002020        0x8 .pio/build/genericSTM32F411CE/USBDevice/src/usbd_conf.c.o
                0x08002020                HAL_PCD_ISOOUTIncompleteCallback
 .text.HAL_PCD_ISOINIncompleteCallback
                0x08002028        0x8 .pio/build/genericSTM32F411CE/USBDevice/src/usbd_conf.c.o
                0x08002028                HAL_PCD_ISOINIncompleteCallback
 .text.HAL_PCD_ConnectCallback
                0x08002030        0x8 .pio/build/genericSTM32F411CE/USBDevice/src/usbd_conf.c.o
                0x08002030                HAL_PCD_ConnectCallback
 .text.HAL_PCD_DisconnectCallback
                0x08002038        0x8 .pio/build/genericSTM32F411CE/USBDevice/src/usbd_conf.c.o
                0x08002038                HAL_PCD_DisconnectCallback
 .text.OTG_FS_IRQHandler
                0x08002040        0xc .pio/build/genericSTM32F411CE/USBDevice/src/usbd_conf.c.o
                0x08002040                OTG_FS_IRQHandler
 .text.OTG_FS_WKUP_IRQHandler
                0x0800204c       0x3c .pio/build/genericSTM32F411CE/USBDevice/src/usbd_conf.c.o
                0x0800204c                OTG_FS_WKUP_IRQHandler
 .text.USBD_LL_Init
                0x08002088       0x64 .pio/build/genericSTM32F411CE/USBDevice/src/usbd_conf.c.o
                0x08002088                USBD_LL_Init
 .text.USBD_LL_Start
                0x080020ec        0xe .pio/build/genericSTM32F411CE/USBDevice/src/usbd_conf.c.o
                0x080020ec                USBD_LL_Start
 .text.USBD_LL_OpenEP
                0x080020fa       0x14 .pio/build/genericSTM32F411CE/USBDevice/src/usbd_conf.c.o
                0x080020fa                USBD_LL_OpenEP
 .text.USBD_LL_CloseEP
                0x0800210e        0xe .pio/build/genericSTM32F411CE/USBDevice/src/usbd_conf.c.o
                0x0800210e                USBD_LL_CloseEP
 .text.USBD_LL_StallEP
                0x0800211c        0xe .pio/build/genericSTM32F411CE/USBDevice/src/usbd_conf.c.o
                0x0800211c                USBD_LL_StallEP
 .text.USBD_LL_ClearStallEP
                0x0800212a        0xe .pio/build/genericSTM32F411CE/USBDevice/src/usbd_conf.c.o
                0x0800212a                USBD_LL_ClearStallEP
 .text.USBD_LL_IsStallEP
                0x08002138       0x24 .pio/build/genericSTM32F411CE/USBDevice/src/usbd_conf.c.o
                0x08002138                USBD_LL_IsStallEP
 .text.USBD_LL_SetUSBAddress
                0x0800215c        0xe .pio/build/genericSTM32F411CE/USBDevice/src/usbd_conf.c.o
                0x0800215c                USBD_LL_SetUSBAddress
 .text.USBD_LL_Transmit
                0x0800216a        0xe .pio/build/genericSTM32F411CE/USBDevice/src/usbd_conf.c.o
                0x0800216a                USBD_LL_Transmit
 .text.USBD_LL_PrepareReceive
                0x08002178        0xe .pio/build/genericSTM32F411CE/USBDevice/src/usbd_conf.c.o
                0x08002178                USBD_LL_PrepareReceive
 .text.USBD_LL_GetRxDataSize
                0x08002186        0x8 .pio/build/genericSTM32F411CE/USBDevice/src/usbd_conf.c.o
                0x08002186                USBD_LL_GetRxDataSize
 *fill*         0x0800218e        0x2 
 .text.USBD_Class_DeviceDescriptor
                0x08002190        0xc .pio/build/genericSTM32F411CE/USBDevice/src/usbd_desc.c.o
                0x08002190                USBD_Class_DeviceDescriptor
 .text.USBD_LangIDStrDescriptor
                0x0800219c        0xc .pio/build/genericSTM32F411CE/USBDevice/src/usbd_desc.c.o
                0x0800219c                USBD_LangIDStrDescriptor
 .text.USBD_Class_UserStrDescriptor
                0x080021a8        0x8 .pio/build/genericSTM32F411CE/USBDevice/src/usbd_desc.c.o
                0x080021a8                USBD_Class_UserStrDescriptor
 .text.IntToUnicode
                0x080021b0       0x2a .pio/build/genericSTM32F411CE/USBDevice/src/usbd_desc.c.o
 *fill*         0x080021da        0x2 
 .text.USBD_SerialStrDescriptor
                0x080021dc       0x3c .pio/build/genericSTM32F411CE/USBDevice/src/usbd_desc.c.o
                0x080021dc                USBD_SerialStrDescriptor
 .text.USBD_ManufacturerStrDescriptor
                0x08002218       0x1c .pio/build/genericSTM32F411CE/USBDevice/src/usbd_desc.c.o
                0x08002218                USBD_ManufacturerStrDescriptor
 .text.USBD_Class_ProductStrDescriptor
                0x08002234       0x24 .pio/build/genericSTM32F411CE/USBDevice/src/usbd_desc.c.o
                0x08002234                USBD_Class_ProductStrDescriptor
 .text.USBD_Class_ConfigStrDescriptor
                0x08002258       0x1c .pio/build/genericSTM32F411CE/USBDevice/src/usbd_desc.c.o
                0x08002258                USBD_Class_ConfigStrDescriptor
 .text.USBD_Class_InterfaceStrDescriptor
                0x08002274       0x1c .pio/build/genericSTM32F411CE/USBDevice/src/usbd_desc.c.o
                0x08002274                USBD_Class_InterfaceStrDescriptor
 .text.USBD_reenumerate
                0x08002290       0x1c .pio/build/genericSTM32F411CE/USBDevice/src/usbd_if.c.o
                0x08002290                USBD_reenumerate
 .text.USBD_CDC_init
                0x080022ac        0x4 .pio/build/genericSTM32F411CE/USBDevice/src/usbd_if.c.o
                0x080022ac                USBD_CDC_init
 .text.USBD_SystemClockConfigFromResume
                0x080022b0        0xe .pio/build/genericSTM32F411CE/USBDevice/src/usbd_if.c.o
                0x080022b0                USBD_SystemClockConfigFromResume
 *fill*         0x080022be        0x2 
 .text.SystemClock_Config
                0x080022c0       0x9c .pio/build/genericSTM32F411CE/FrameworkArduinoVariant/generic_clock.c.o
                0x080022c0                SystemClock_Config
 .text.HAL_MspInit
                0x0800235c        0x2 .pio/build/genericSTM32F411CE/SrcWrapper/src/HAL/stm32yyxx_hal.c.o
                0x0800235c                HAL_MspInit
 *fill*         0x0800235e        0x2 
 .text.HAL_InitTick
                0x08002360       0x48 .pio/build/genericSTM32F411CE/SrcWrapper/src/HAL/stm32yyxx_hal.c.o
                0x08002360                HAL_InitTick
 .text.HAL_Init
                0x080023a8       0x34 .pio/build/genericSTM32F411CE/SrcWrapper/src/HAL/stm32yyxx_hal.c.o
                0x080023a8                HAL_Init
 .text.HAL_IncTick
                0x080023dc       0x18 .pio/build/genericSTM32F411CE/SrcWrapper/src/HAL/stm32yyxx_hal.c.o
                0x080023dc                HAL_IncTick
 .text.HAL_GetTick
                0x080023f4        0xc .pio/build/genericSTM32F411CE/SrcWrapper/src/HAL/stm32yyxx_hal.c.o
                0x080023f4                HAL_GetTick
 .text.HAL_Delay
                0x08002400       0x28 .pio/build/genericSTM32F411CE/SrcWrapper/src/HAL/stm32yyxx_hal.c.o
                0x08002400                HAL_Delay
 .text.HAL_NVIC_SetPriorityGrouping
                0x08002428       0x24 .pio/build/genericSTM32F411CE/SrcWrapper/src/HAL/stm32yyxx_hal_cortex.c.o
                0x08002428                HAL_NVIC_SetPriorityGrouping
 .text.HAL_NVIC_SetPriority
                0x0800244c       0x64 .pio/build/genericSTM32F411CE/SrcWrapper/src/HAL/stm32yyxx_hal_cortex.c.o
                0x0800244c                HAL_NVIC_SetPriority
 .text.HAL_NVIC_EnableIRQ
                0x080024b0       0x1c .pio/build/genericSTM32F411CE/SrcWrapper/src/HAL/stm32yyxx_hal_cortex.c.o
                0x080024b0                HAL_NVIC_EnableIRQ
 .text.HAL_NVIC_DisableIRQ
                0x080024cc       0x24 .pio/build/genericSTM32F411CE/SrcWrapper/src/HAL/stm32yyxx_hal_cortex.c.o
                0x080024cc                HAL_NVIC_DisableIRQ
 .text.HAL_SYSTICK_Config
                0x080024f0       0x28 .pio/build/genericSTM32F411CE/SrcWrapper/src/HAL/stm32yyxx_hal_cortex.c.o
                0x080024f0                HAL_SYSTICK_Config
 .text.HAL_NVIC_ClearPendingIRQ
                0x08002518       0x1c .pio/build/genericSTM32F411CE/SrcWrapper/src/HAL/stm32yyxx_hal_cortex.c.o
                0x08002518                HAL_NVIC_ClearPendingIRQ
 .text.HAL_SYSTICK_Callback
                0x08002534        0x2 .pio/build/genericSTM32F411CE/SrcWrapper/src/HAL/stm32yyxx_hal_cortex.c.o
                0x08002534                HAL_SYSTICK_Callback
 .text.HAL_SYSTICK_IRQHandler
                0x08002536        0x8 .pio/build/genericSTM32F411CE/SrcWrapper/src/HAL/stm32yyxx_hal_cortex.c.o
                0x08002536                HAL_SYSTICK_IRQHandler
 .text.HAL_CRC_MspInit
                0x0800253e        0x2 .pio/build/genericSTM32F411CE/SrcWrapper/src/HAL/stm32yyxx_hal_crc.c.o
                0x0800253e                HAL_CRC_MspInit
 .text.HAL_CRC_Init
                0x08002540       0x20 .pio/build/genericSTM32F411CE/SrcWrapper/src/HAL/stm32yyxx_hal_crc.c.o
                0x08002540                HAL_CRC_Init
 .text.HAL_DMA_Abort
                0x08002560       0x7c .pio/build/genericSTM32F411CE/SrcWrapper/src/HAL/stm32yyxx_hal_dma.c.o
                0x08002560                HAL_DMA_Abort
 .text.HAL_DMA_Abort_IT
                0x080025dc       0x24 .pio/build/genericSTM32F411CE/SrcWrapper/src/HAL/stm32yyxx_hal_dma.c.o
                0x080025dc                HAL_DMA_Abort_IT
 .text.HAL_DMA_GetState
                0x08002600        0x6 .pio/build/genericSTM32F411CE/SrcWrapper/src/HAL/stm32yyxx_hal_dma.c.o
                0x08002600                HAL_DMA_GetState
 *fill*         0x08002606        0x2 
 .text.HAL_GPIO_EXTI_IRQHandler
                0x08002608       0x18 .pio/build/genericSTM32F411CE/SrcWrapper/src/HAL/stm32yyxx_hal_gpio.c.o
                0x08002608                HAL_GPIO_EXTI_IRQHandler
 .text.I2C_WaitOnFlagUntilTimeout
                0x08002620       0x80 .pio/build/genericSTM32F411CE/SrcWrapper/src/HAL/stm32yyxx_hal_i2c.c.o
 .text.HAL_I2C_MspInit
                0x080026a0        0x2 .pio/build/genericSTM32F411CE/SrcWrapper/src/HAL/stm32yyxx_hal_i2c.c.o
                0x080026a0                HAL_I2C_MspInit
 *fill*         0x080026a2        0x2 
 .text.HAL_I2C_Init
                0x080026a4      0x14c .pio/build/genericSTM32F411CE/SrcWrapper/src/HAL/stm32yyxx_hal_i2c.c.o
                0x080026a4                HAL_I2C_Init
 .text.HAL_I2C_MspDeInit
                0x080027f0        0x2 .pio/build/genericSTM32F411CE/SrcWrapper/src/HAL/stm32yyxx_hal_i2c.c.o
                0x080027f0                HAL_I2C_MspDeInit
 .text.HAL_I2C_DeInit
                0x080027f2       0x32 .pio/build/genericSTM32F411CE/SrcWrapper/src/HAL/stm32yyxx_hal_i2c.c.o
                0x080027f2                HAL_I2C_DeInit
 .text.HAL_I2C_IsDeviceReady
                0x08002824      0x160 .pio/build/genericSTM32F411CE/SrcWrapper/src/HAL/stm32yyxx_hal_i2c.c.o
                0x08002824                HAL_I2C_IsDeviceReady
 .text.HAL_I2C_Master_Seq_Transmit_IT
                0x08002984       0xd0 .pio/build/genericSTM32F411CE/SrcWrapper/src/HAL/stm32yyxx_hal_i2c.c.o
                0x08002984                HAL_I2C_Master_Seq_Transmit_IT
 .text.HAL_I2C_Master_Seq_Receive_IT
                0x08002a54      0x10c .pio/build/genericSTM32F411CE/SrcWrapper/src/HAL/stm32yyxx_hal_i2c.c.o
                0x08002a54                HAL_I2C_Master_Seq_Receive_IT
 .text.HAL_I2C_Slave_Seq_Transmit_IT
                0x08002b60       0x76 .pio/build/genericSTM32F411CE/SrcWrapper/src/HAL/stm32yyxx_hal_i2c.c.o
                0x08002b60                HAL_I2C_Slave_Seq_Transmit_IT
 .text.HAL_I2C_Slave_Seq_Receive_IT
                0x08002bd6       0x76 .pio/build/genericSTM32F411CE/SrcWrapper/src/HAL/stm32yyxx_hal_i2c.c.o
                0x08002bd6                HAL_I2C_Slave_Seq_Receive_IT
 .text.HAL_I2C_EnableListen_IT
                0x08002c4c       0x36 .pio/build/genericSTM32F411CE/SrcWrapper/src/HAL/stm32yyxx_hal_i2c.c.o
                0x08002c4c                HAL_I2C_EnableListen_IT
 .text.HAL_I2C_MasterTxCpltCallback
                0x08002c82        0x2 .pio/build/genericSTM32F411CE/SrcWrapper/src/HAL/stm32yyxx_hal_i2c.c.o
                0x08002c82                HAL_I2C_MasterTxCpltCallback
 .text.HAL_I2C_MasterRxCpltCallback
                0x08002c84        0x2 .pio/build/genericSTM32F411CE/SrcWrapper/src/HAL/stm32yyxx_hal_i2c.c.o
                0x08002c84                HAL_I2C_MasterRxCpltCallback
 .text.HAL_I2C_MemTxCpltCallback
                0x08002c86        0x2 .pio/build/genericSTM32F411CE/SrcWrapper/src/HAL/stm32yyxx_hal_i2c.c.o
                0x08002c86                HAL_I2C_MemTxCpltCallback
 .text.I2C_MemoryTransmit_TXE_BTF
                0x08002c88       0xb6 .pio/build/genericSTM32F411CE/SrcWrapper/src/HAL/stm32yyxx_hal_i2c.c.o
 .text.HAL_I2C_MemRxCpltCallback
                0x08002d3e        0x2 .pio/build/genericSTM32F411CE/SrcWrapper/src/HAL/stm32yyxx_hal_i2c.c.o
                0x08002d3e                HAL_I2C_MemRxCpltCallback
 .text.HAL_I2C_AbortCpltCallback
                0x08002d40        0x2 .pio/build/genericSTM32F411CE/SrcWrapper/src/HAL/stm32yyxx_hal_i2c.c.o
                0x08002d40                HAL_I2C_AbortCpltCallback
 *fill*         0x08002d42        0x2 
 .text.I2C_DMAAbort
                0x08002d44       0xe4 .pio/build/genericSTM32F411CE/SrcWrapper/src/HAL/stm32yyxx_hal_i2c.c.o
 .text.I2C_ITError
                0x08002e28      0x15c .pio/build/genericSTM32F411CE/SrcWrapper/src/HAL/stm32yyxx_hal_i2c.c.o
 .text.HAL_I2C_EV_IRQHandler
                0x08002f84      0x8c8 .pio/build/genericSTM32F411CE/SrcWrapper/src/HAL/stm32yyxx_hal_i2c.c.o
                0x08002f84                HAL_I2C_EV_IRQHandler
 .text.HAL_I2C_ER_IRQHandler
                0x0800384c      0x158 .pio/build/genericSTM32F411CE/SrcWrapper/src/HAL/stm32yyxx_hal_i2c.c.o
                0x0800384c                HAL_I2C_ER_IRQHandler
 .text.HAL_I2C_GetState
                0x080039a4        0x6 .pio/build/genericSTM32F411CE/SrcWrapper/src/HAL/stm32yyxx_hal_i2c.c.o
                0x080039a4                HAL_I2C_GetState
 .text.HAL_I2C_GetError
                0x080039aa        0x4 .pio/build/genericSTM32F411CE/SrcWrapper/src/HAL/stm32yyxx_hal_i2c.c.o
                0x080039aa                HAL_I2C_GetError
 .text.HAL_PCD_Init
                0x080039ae       0xde .pio/build/genericSTM32F411CE/SrcWrapper/src/HAL/stm32yyxx_hal_pcd.c.o
                0x080039ae                HAL_PCD_Init
 .text.HAL_PCD_Start
                0x08003a8c       0x3e .pio/build/genericSTM32F411CE/SrcWrapper/src/HAL/stm32yyxx_hal_pcd.c.o
                0x08003a8c                HAL_PCD_Start
 .text.HAL_PCD_SetAddress
                0x08003aca       0x26 .pio/build/genericSTM32F411CE/SrcWrapper/src/HAL/stm32yyxx_hal_pcd.c.o
                0x08003aca                HAL_PCD_SetAddress
 .text.HAL_PCD_EP_Open
                0x08003af0       0x72 .pio/build/genericSTM32F411CE/SrcWrapper/src/HAL/stm32yyxx_hal_pcd.c.o
                0x08003af0                HAL_PCD_EP_Open
 .text.HAL_PCD_EP_Close
                0x08003b62       0x5c .pio/build/genericSTM32F411CE/SrcWrapper/src/HAL/stm32yyxx_hal_pcd.c.o
                0x08003b62                HAL_PCD_EP_Close
 .text.HAL_PCD_EP_Receive
                0x08003bbe       0x3c .pio/build/genericSTM32F411CE/SrcWrapper/src/HAL/stm32yyxx_hal_pcd.c.o
                0x08003bbe                HAL_PCD_EP_Receive
 .text.HAL_PCD_EP_GetRxCount
                0x08003bfa       0x10 .pio/build/genericSTM32F411CE/SrcWrapper/src/HAL/stm32yyxx_hal_pcd.c.o
                0x08003bfa                HAL_PCD_EP_GetRxCount
 .text.HAL_PCD_EP_Transmit
                0x08003c0a       0x36 .pio/build/genericSTM32F411CE/SrcWrapper/src/HAL/stm32yyxx_hal_pcd.c.o
                0x08003c0a                HAL_PCD_EP_Transmit
 .text.HAL_PCD_EP_SetStall
                0x08003c40       0x6e .pio/build/genericSTM32F411CE/SrcWrapper/src/HAL/stm32yyxx_hal_pcd.c.o
                0x08003c40                HAL_PCD_EP_SetStall
 .text.HAL_PCD_EP_ClrStall
                0x08003cae       0x6a .pio/build/genericSTM32F411CE/SrcWrapper/src/HAL/stm32yyxx_hal_pcd.c.o
                0x08003cae                HAL_PCD_EP_ClrStall
 .text.HAL_PCD_EP_Abort
                0x08003d18       0x20 .pio/build/genericSTM32F411CE/SrcWrapper/src/HAL/stm32yyxx_hal_pcd.c.o
                0x08003d18                HAL_PCD_EP_Abort
 .text.HAL_PCD_IRQHandler
                0x08003d38      0x68c .pio/build/genericSTM32F411CE/SrcWrapper/src/HAL/stm32yyxx_hal_pcd.c.o
                0x08003d38                HAL_PCD_IRQHandler
 .text.HAL_PCDEx_SetTxFiFo
                0x080043c4       0x3e .pio/build/genericSTM32F411CE/SrcWrapper/src/HAL/stm32yyxx_hal_pcd_ex.c.o
                0x080043c4                HAL_PCDEx_SetTxFiFo
 .text.HAL_PCDEx_SetRxFiFo
                0x08004402        0x8 .pio/build/genericSTM32F411CE/SrcWrapper/src/HAL/stm32yyxx_hal_pcd_ex.c.o
                0x08004402                HAL_PCDEx_SetRxFiFo
 .text.HAL_PCDEx_LPM_Callback
                0x0800440a        0x2 .pio/build/genericSTM32F411CE/SrcWrapper/src/HAL/stm32yyxx_hal_pcd_ex.c.o
                0x0800440a                HAL_PCDEx_LPM_Callback
 .text.HAL_RCC_OscConfig
                0x0800440c      0x35c .pio/build/genericSTM32F411CE/SrcWrapper/src/HAL/stm32yyxx_hal_rcc.c.o
                0x0800440c                HAL_RCC_OscConfig
 .text.HAL_RCC_GetSysClockFreq
                0x08004768       0x5c .pio/build/genericSTM32F411CE/SrcWrapper/src/HAL/stm32yyxx_hal_rcc.c.o
                0x08004768                HAL_RCC_GetSysClockFreq
 .text.HAL_RCC_ClockConfig
                0x080047c4      0x134 .pio/build/genericSTM32F411CE/SrcWrapper/src/HAL/stm32yyxx_hal_rcc.c.o
                0x080047c4                HAL_RCC_ClockConfig
 .text.HAL_RCC_GetHCLKFreq
                0x080048f8        0xc .pio/build/genericSTM32F411CE/SrcWrapper/src/HAL/stm32yyxx_hal_rcc.c.o
                0x080048f8                HAL_RCC_GetHCLKFreq
 .text.HAL_RCC_GetPCLK1Freq
                0x08004904       0x20 .pio/build/genericSTM32F411CE/SrcWrapper/src/HAL/stm32yyxx_hal_rcc.c.o
                0x08004904                HAL_RCC_GetPCLK1Freq
 .text.HAL_RCC_GetPCLK2Freq
                0x08004924       0x20 .pio/build/genericSTM32F411CE/SrcWrapper/src/HAL/stm32yyxx_hal_rcc.c.o
                0x08004924                HAL_RCC_GetPCLK2Freq
 .text.HAL_RCC_GetClockConfig
                0x08004944       0x3c .pio/build/genericSTM32F411CE/SrcWrapper/src/HAL/stm32yyxx_hal_rcc.c.o
                0x08004944                HAL_RCC_GetClockConfig
 .text.HAL_RCCEx_GetPeriphCLKConfig
                0x08004980       0x44 .pio/build/genericSTM32F411CE/SrcWrapper/src/HAL/stm32yyxx_hal_rcc_ex.c.o
                0x08004980                HAL_RCCEx_GetPeriphCLKConfig
 .text.HAL_SPI_MspInit
                0x080049c4        0x2 .pio/build/genericSTM32F411CE/SrcWrapper/src/HAL/stm32yyxx_hal_spi.c.o
                0x080049c4                HAL_SPI_MspInit
 .text.HAL_SPI_Init
                0x080049c6       0xb8 .pio/build/genericSTM32F411CE/SrcWrapper/src/HAL/stm32yyxx_hal_spi.c.o
                0x080049c6                HAL_SPI_Init
 *fill*         0x08004a7e        0x2 
 .text.TIM_OC1_SetConfig
                0x08004a80       0x50 .pio/build/genericSTM32F411CE/SrcWrapper/src/HAL/stm32yyxx_hal_tim.c.o
 .text.TIM_OC3_SetConfig
                0x08004ad0       0x54 .pio/build/genericSTM32F411CE/SrcWrapper/src/HAL/stm32yyxx_hal_tim.c.o
 .text.TIM_OC4_SetConfig
                0x08004b24       0x44 .pio/build/genericSTM32F411CE/SrcWrapper/src/HAL/stm32yyxx_hal_tim.c.o
 .text.HAL_TIM_Base_Start
                0x08004b68       0x5c .pio/build/genericSTM32F411CE/SrcWrapper/src/HAL/stm32yyxx_hal_tim.c.o
                0x08004b68                HAL_TIM_Base_Start
 .text.HAL_TIM_GenerateEvent
                0x08004bc4       0x24 .pio/build/genericSTM32F411CE/SrcWrapper/src/HAL/stm32yyxx_hal_tim.c.o
                0x08004bc4                HAL_TIM_GenerateEvent
 .text.HAL_TIM_PWM_PulseFinishedCallback
                0x08004be8        0x2 .pio/build/genericSTM32F411CE/SrcWrapper/src/HAL/stm32yyxx_hal_tim.c.o
                0x08004be8                HAL_TIM_PWM_PulseFinishedCallback
 .text.HAL_TIM_TriggerCallback
                0x08004bea        0x2 .pio/build/genericSTM32F411CE/SrcWrapper/src/HAL/stm32yyxx_hal_tim.c.o
                0x08004bea                HAL_TIM_TriggerCallback
 .text.HAL_TIM_IRQHandler
                0x08004bec      0x128 .pio/build/genericSTM32F411CE/SrcWrapper/src/HAL/stm32yyxx_hal_tim.c.o
                0x08004bec                HAL_TIM_IRQHandler
 .text.TIM_Base_SetConfig
                0x08004d14       0x80 .pio/build/genericSTM32F411CE/SrcWrapper/src/HAL/stm32yyxx_hal_tim.c.o
                0x08004d14                TIM_Base_SetConfig
 .text.HAL_TIM_Base_Init
                0x08004d94       0x58 .pio/build/genericSTM32F411CE/SrcWrapper/src/HAL/stm32yyxx_hal_tim.c.o
                0x08004d94                HAL_TIM_Base_Init
 .text.TIM_OC2_SetConfig
                0x08004dec       0x58 .pio/build/genericSTM32F411CE/SrcWrapper/src/HAL/stm32yyxx_hal_tim.c.o
                0x08004dec                TIM_OC2_SetConfig
 .text.HAL_TIM_OC_ConfigChannel
                0x08004e44       0x4c .pio/build/genericSTM32F411CE/SrcWrapper/src/HAL/stm32yyxx_hal_tim.c.o
                0x08004e44                HAL_TIM_OC_ConfigChannel
 .text.HAL_TIM_PWM_ConfigChannel
                0x08004e90       0xb0 .pio/build/genericSTM32F411CE/SrcWrapper/src/HAL/stm32yyxx_hal_tim.c.o
                0x08004e90                HAL_TIM_PWM_ConfigChannel
 .text.TIM_TI1_SetConfig
                0x08004f40       0x64 .pio/build/genericSTM32F411CE/SrcWrapper/src/HAL/stm32yyxx_hal_tim.c.o
                0x08004f40                TIM_TI1_SetConfig
 .text.HAL_TIM_IC_ConfigChannel
                0x08004fa4      0x126 .pio/build/genericSTM32F411CE/SrcWrapper/src/HAL/stm32yyxx_hal_tim.c.o
                0x08004fa4                HAL_TIM_IC_ConfigChannel
 .text.TIM_CCxChannelCmd
                0x080050ca       0x1c .pio/build/genericSTM32F411CE/SrcWrapper/src/HAL/stm32yyxx_hal_tim.c.o
                0x080050ca                TIM_CCxChannelCmd
 *fill*         0x080050e6        0x2 
 .text.HAL_TIM_OC_Start
                0x080050e8       0xa8 .pio/build/genericSTM32F411CE/SrcWrapper/src/HAL/stm32yyxx_hal_tim.c.o
                0x080050e8                HAL_TIM_OC_Start
 .text.HAL_TIM_PWM_Start
                0x08005190        0x4 .pio/build/genericSTM32F411CE/SrcWrapper/src/HAL/stm32yyxx_hal_tim.c.o
                0x08005190                HAL_TIM_PWM_Start
 .text.HAL_TIM_IC_Start
                0x08005194       0xe0 .pio/build/genericSTM32F411CE/SrcWrapper/src/HAL/stm32yyxx_hal_tim.c.o
                0x08005194                HAL_TIM_IC_Start
 .text.TIM_CCxNChannelCmd
                0x08005274       0x1c .pio/build/genericSTM32F411CE/SrcWrapper/src/HAL/stm32yyxx_hal_tim_ex.c.o
 .text.HAL_TIMEx_OCN_Start
                0x08005290       0xa4 .pio/build/genericSTM32F411CE/SrcWrapper/src/HAL/stm32yyxx_hal_tim_ex.c.o
                0x08005290                HAL_TIMEx_OCN_Start
 .text.HAL_TIMEx_PWMN_Start
                0x08005334        0x4 .pio/build/genericSTM32F411CE/SrcWrapper/src/HAL/stm32yyxx_hal_tim_ex.c.o
                0x08005334                HAL_TIMEx_PWMN_Start
 .text.HAL_TIMEx_CommutCallback
                0x08005338        0x2 .pio/build/genericSTM32F411CE/SrcWrapper/src/HAL/stm32yyxx_hal_tim_ex.c.o
                0x08005338                HAL_TIMEx_CommutCallback
 .text.HAL_TIMEx_BreakCallback
                0x0800533a        0x2 .pio/build/genericSTM32F411CE/SrcWrapper/src/HAL/stm32yyxx_hal_tim_ex.c.o
                0x0800533a                HAL_TIMEx_BreakCallback
 .text.UART_EndRxTransfer
                0x0800533c       0x5c .pio/build/genericSTM32F411CE/SrcWrapper/src/HAL/stm32yyxx_hal_uart.c.o
 .text.HAL_UART_Transmit_IT
                0x08005398       0x32 .pio/build/genericSTM32F411CE/SrcWrapper/src/HAL/stm32yyxx_hal_uart.c.o
                0x08005398                HAL_UART_Transmit_IT
 .text.UART_DMAAbortOnError
                0x080053ca        0xe .pio/build/genericSTM32F411CE/SrcWrapper/src/HAL/stm32yyxx_hal_uart.c.o
 .text.HAL_UARTEx_RxEventCallback
                0x080053d8        0x2 .pio/build/genericSTM32F411CE/SrcWrapper/src/HAL/stm32yyxx_hal_uart.c.o
                0x080053d8                HAL_UARTEx_RxEventCallback
 .text.UART_Receive_IT.isra.0
                0x080053da       0xb6 .pio/build/genericSTM32F411CE/SrcWrapper/src/HAL/stm32yyxx_hal_uart.c.o
 .text.HAL_UART_IRQHandler
                0x08005490      0x2e8 .pio/build/genericSTM32F411CE/SrcWrapper/src/HAL/stm32yyxx_hal_uart.c.o
                0x08005490                HAL_UART_IRQHandler
 .text.HAL_HalfDuplex_EnableTransmitter
                0x08005778       0x30 .pio/build/genericSTM32F411CE/SrcWrapper/src/HAL/stm32yyxx_hal_uart.c.o
                0x08005778                HAL_HalfDuplex_EnableTransmitter
 .text.HAL_HalfDuplex_EnableReceiver
                0x080057a8       0x30 .pio/build/genericSTM32F411CE/SrcWrapper/src/HAL/stm32yyxx_hal_uart.c.o
                0x080057a8                HAL_HalfDuplex_EnableReceiver
 .text.HAL_UART_GetState
                0x080057d8        0xc .pio/build/genericSTM32F411CE/SrcWrapper/src/HAL/stm32yyxx_hal_uart.c.o
                0x080057d8                HAL_UART_GetState
 .text.UART_Start_Receive_IT
                0x080057e4       0x32 .pio/build/genericSTM32F411CE/SrcWrapper/src/HAL/stm32yyxx_hal_uart.c.o
                0x080057e4                UART_Start_Receive_IT
 .text.HAL_UART_Receive_IT
                0x08005816       0x22 .pio/build/genericSTM32F411CE/SrcWrapper/src/HAL/stm32yyxx_hal_uart.c.o
                0x08005816                HAL_UART_Receive_IT
 .text._ZNSt8functionIFvvEEaSEDn.isra.0
                0x08005838       0x16 .pio/build/genericSTM32F411CE/SrcWrapper/src/HardwareTimer.cpp.o
 .text._ZNSt14_Function_baseD2Ev
                0x0800584e       0x12 .pio/build/genericSTM32F411CE/SrcWrapper/src/HardwareTimer.cpp.o
                0x0800584e                std::_Function_base::~_Function_base()
                0x0800584e                std::_Function_base::~_Function_base()
 .text._ZN13HardwareTimer10getChannelEm
                0x08005860        0xe .pio/build/genericSTM32F411CE/SrcWrapper/src/HardwareTimer.cpp.o
                0x08005860                HardwareTimer::getChannel(unsigned long)
 *fill*         0x0800586e        0x2 
 .text._ZN13HardwareTimer12getLLChannelEm
                0x08005870       0x44 .pio/build/genericSTM32F411CE/SrcWrapper/src/HardwareTimer.cpp.o
                0x08005870                HardwareTimer::getLLChannel(unsigned long)
 .text._ZN13HardwareTimer5getITEm
                0x080058b4       0x14 .pio/build/genericSTM32F411CE/SrcWrapper/src/HardwareTimer.cpp.o
                0x080058b4                HardwareTimer::getIT(unsigned long)
 .text._ZN13HardwareTimer20getAssociatedChannelEm
                0x080058c8       0x14 .pio/build/genericSTM32F411CE/SrcWrapper/src/HardwareTimer.cpp.o
                0x080058c8                HardwareTimer::getAssociatedChannel(unsigned long)
 .text._ZN13HardwareTimer13resumeChannelEm
                0x080058dc       0xf6 .pio/build/genericSTM32F411CE/SrcWrapper/src/HardwareTimer.cpp.o
                0x080058dc                HardwareTimer::resumeChannel(unsigned long)
 .text._ZN13HardwareTimer6resumeEv
                0x080059d2       0x4c .pio/build/genericSTM32F411CE/SrcWrapper/src/HardwareTimer.cpp.o
                0x080059d2                HardwareTimer::resume()
 *fill*         0x08005a1e        0x2 
 .text._ZN13HardwareTimer7setModeEm12TimerModes_t7PinName20ChannelInputFilter_t
                0x08005a20      0x224 .pio/build/genericSTM32F411CE/SrcWrapper/src/HardwareTimer.cpp.o
                0x08005a20                HardwareTimer::setMode(unsigned long, TimerModes_t, PinName, ChannelInputFilter_t)
 .text._ZN13HardwareTimer7getModeEm
                0x08005c44       0x10 .pio/build/genericSTM32F411CE/SrcWrapper/src/HardwareTimer.cpp.o
                0x08005c44                HardwareTimer::getMode(unsigned long)
 .text._ZN13HardwareTimer7refreshEv
                0x08005c54        0x8 .pio/build/genericSTM32F411CE/SrcWrapper/src/HardwareTimer.cpp.o
                0x08005c54                HardwareTimer::refresh()
 .text._ZN13HardwareTimer9isRunningEv
                0x08005c5c        0xa .pio/build/genericSTM32F411CE/SrcWrapper/src/HardwareTimer.cpp.o
                0x08005c5c                HardwareTimer::isRunning()
 .text._ZN13HardwareTimer27updateRegistersIfNotRunningEP11TIM_TypeDef
                0x08005c66       0x3a .pio/build/genericSTM32F411CE/SrcWrapper/src/HardwareTimer.cpp.o
                0x08005c66                HardwareTimer::updateRegistersIfNotRunning(TIM_TypeDef*)
 .text._Z15get_timer_indexP11TIM_TypeDef
                0x08005ca0       0x64 .pio/build/genericSTM32F411CE/SrcWrapper/src/HardwareTimer.cpp.o
                0x08005ca0                get_timer_index(TIM_TypeDef*)
 .text._ZN13HardwareTimerD2Ev
                0x08005d04       0x40 .pio/build/genericSTM32F411CE/SrcWrapper/src/HardwareTimer.cpp.o
                0x08005d04                HardwareTimer::~HardwareTimer()
                0x08005d04                HardwareTimer::~HardwareTimer()
 .text._ZN13HardwareTimer5setupEP11TIM_TypeDef
                0x08005d44       0x84 .pio/build/genericSTM32F411CE/SrcWrapper/src/HardwareTimer.cpp.o
                0x08005d44                HardwareTimer::setup(TIM_TypeDef*)
 .text._ZN13HardwareTimer15getTimerClkFreqEv
                0x08005dc8       0x8c .pio/build/genericSTM32F411CE/SrcWrapper/src/HardwareTimer.cpp.o
                0x08005dc8                HardwareTimer::getTimerClkFreq()
 .text._ZN13HardwareTimer11setOverflowEm13TimerFormat_t
                0x08005e54       0x4c .pio/build/genericSTM32F411CE/SrcWrapper/src/HardwareTimer.cpp.o
                0x08005e54                HardwareTimer::setOverflow(unsigned long, TimerFormat_t)
 .text._ZN13HardwareTimer17setCaptureCompareEmm20TimerCompareFormat_t
                0x08005ea0       0x9c .pio/build/genericSTM32F411CE/SrcWrapper/src/HardwareTimer.cpp.o
                0x08005ea0                HardwareTimer::setCaptureCompare(unsigned long, unsigned long, TimerCompareFormat_t)
 .text.TIM1_UP_TIM10_IRQHandler
                0x08005f3c       0x24 .pio/build/genericSTM32F411CE/SrcWrapper/src/HardwareTimer.cpp.o
                0x08005f3c                TIM1_UP_TIM10_IRQHandler
 .text.TIM1_CC_IRQHandler
                0x08005f60       0x14 .pio/build/genericSTM32F411CE/SrcWrapper/src/HardwareTimer.cpp.o
                0x08005f60                TIM1_CC_IRQHandler
 .text.TIM2_IRQHandler
                0x08005f74       0x14 .pio/build/genericSTM32F411CE/SrcWrapper/src/HardwareTimer.cpp.o
                0x08005f74                TIM2_IRQHandler
 .text.TIM3_IRQHandler
                0x08005f88       0x14 .pio/build/genericSTM32F411CE/SrcWrapper/src/HardwareTimer.cpp.o
                0x08005f88                TIM3_IRQHandler
 .text.TIM4_IRQHandler
                0x08005f9c       0x14 .pio/build/genericSTM32F411CE/SrcWrapper/src/HardwareTimer.cpp.o
                0x08005f9c                TIM4_IRQHandler
 .text.TIM5_IRQHandler
                0x08005fb0       0x14 .pio/build/genericSTM32F411CE/SrcWrapper/src/HardwareTimer.cpp.o
                0x08005fb0                TIM5_IRQHandler
 .text.TIM1_BRK_TIM9_IRQHandler
                0x08005fc4       0x14 .pio/build/genericSTM32F411CE/SrcWrapper/src/HardwareTimer.cpp.o
                0x08005fc4                TIM1_BRK_TIM9_IRQHandler
 .text.TIM1_TRG_COM_TIM11_IRQHandler
                0x08005fd8       0x14 .pio/build/genericSTM32F411CE/SrcWrapper/src/HardwareTimer.cpp.o
                0x08005fd8                TIM1_TRG_COM_TIM11_IRQHandler
 .text._ZNSt8functionIFvvEEC2Ev
                0x08005fec        0xc .pio/build/genericSTM32F411CE/SrcWrapper/src/HardwareTimer.cpp.o
                0x08005fec                std::function<void ()>::function()
                0x08005fec                std::function<void ()>::function()
 .text._ZN13HardwareTimerC2EP11TIM_TypeDef
                0x08005ff8       0x2a .pio/build/genericSTM32F411CE/SrcWrapper/src/HardwareTimer.cpp.o
                0x08005ff8                HardwareTimer::HardwareTimer(TIM_TypeDef*)
                0x08005ff8                HardwareTimer::HardwareTimer(TIM_TypeDef*)
 .text._ZNKSt8functionIFvvEEclEv
                0x08006022       0x12 .pio/build/genericSTM32F411CE/SrcWrapper/src/HardwareTimer.cpp.o
                0x08006022                std::function<void ()>::operator()() const
 .text._ZN13HardwareTimer14updateCallbackEP17TIM_HandleTypeDef
                0x08006034       0x18 .pio/build/genericSTM32F411CE/SrcWrapper/src/HardwareTimer.cpp.o
                0x08006034                HardwareTimer::updateCallback(TIM_HandleTypeDef*)
 .text.HAL_TIM_PeriodElapsedCallback
                0x0800604c        0x4 .pio/build/genericSTM32F411CE/SrcWrapper/src/HardwareTimer.cpp.o
                0x0800604c                HAL_TIM_PeriodElapsedCallback
 .text._ZN13HardwareTimer22captureCompareCallbackEP17TIM_HandleTypeDef
                0x08006050       0x3e .pio/build/genericSTM32F411CE/SrcWrapper/src/HardwareTimer.cpp.o
                0x08006050                HardwareTimer::captureCompareCallback(TIM_HandleTypeDef*)
 .text.HAL_TIM_OC_DelayElapsedCallback
                0x0800608e        0x4 .pio/build/genericSTM32F411CE/SrcWrapper/src/HardwareTimer.cpp.o
                0x0800608e                HAL_TIM_OC_DelayElapsedCallback
 .text.HAL_TIM_IC_CaptureCallback
                0x08006092        0x4 .pio/build/genericSTM32F411CE/SrcWrapper/src/HardwareTimer.cpp.o
                0x08006092                HAL_TIM_IC_CaptureCallback
 .text.USB_CoreReset
                0x08006096       0x50 .pio/build/genericSTM32F411CE/SrcWrapper/src/LL/stm32yyxx_ll_usb.c.o
 .text.USB_CoreInit
                0x080060e6       0x88 .pio/build/genericSTM32F411CE/SrcWrapper/src/LL/stm32yyxx_ll_usb.c.o
                0x080060e6                USB_CoreInit
 *fill*         0x0800616e        0x2 
 .text.USB_SetTurnaroundTime
                0x08006170       0xe0 .pio/build/genericSTM32F411CE/SrcWrapper/src/LL/stm32yyxx_ll_usb.c.o
                0x08006170                USB_SetTurnaroundTime
 .text.USB_EnableGlobalInt
                0x08006250        0xc .pio/build/genericSTM32F411CE/SrcWrapper/src/LL/stm32yyxx_ll_usb.c.o
                0x08006250                USB_EnableGlobalInt
 .text.USB_DisableGlobalInt
                0x0800625c        0xc .pio/build/genericSTM32F411CE/SrcWrapper/src/LL/stm32yyxx_ll_usb.c.o
                0x0800625c                USB_DisableGlobalInt
 .text.USB_SetCurrentMode
                0x08006268       0x60 .pio/build/genericSTM32F411CE/SrcWrapper/src/LL/stm32yyxx_ll_usb.c.o
                0x08006268                USB_SetCurrentMode
 .text.USB_FlushTxFifo
                0x080062c8       0x46 .pio/build/genericSTM32F411CE/SrcWrapper/src/LL/stm32yyxx_ll_usb.c.o
                0x080062c8                USB_FlushTxFifo
 .text.USB_FlushRxFifo
                0x0800630e       0x42 .pio/build/genericSTM32F411CE/SrcWrapper/src/LL/stm32yyxx_ll_usb.c.o
                0x0800630e                USB_FlushRxFifo
 .text.USB_SetDevSpeed
                0x08006350        0xe .pio/build/genericSTM32F411CE/SrcWrapper/src/LL/stm32yyxx_ll_usb.c.o
                0x08006350                USB_SetDevSpeed
 *fill*         0x0800635e        0x2 
 .text.USB_DevInit
                0x08006360      0x188 .pio/build/genericSTM32F411CE/SrcWrapper/src/LL/stm32yyxx_ll_usb.c.o
                0x08006360                USB_DevInit
 .text.USB_GetDevSpeed
                0x080064e8       0x16 .pio/build/genericSTM32F411CE/SrcWrapper/src/LL/stm32yyxx_ll_usb.c.o
                0x080064e8                USB_GetDevSpeed
 .text.USB_ActivateEndpoint
                0x080064fe       0x7e .pio/build/genericSTM32F411CE/SrcWrapper/src/LL/stm32yyxx_ll_usb.c.o
                0x080064fe                USB_ActivateEndpoint
 .text.USB_DeactivateEndpoint
                0x0800657c       0xac .pio/build/genericSTM32F411CE/SrcWrapper/src/LL/stm32yyxx_ll_usb.c.o
                0x0800657c                USB_DeactivateEndpoint
 .text.USB_EPStopXfer
                0x08006628       0x84 .pio/build/genericSTM32F411CE/SrcWrapper/src/LL/stm32yyxx_ll_usb.c.o
                0x08006628                USB_EPStopXfer
 .text.USB_WritePacket
                0x080066ac       0x26 .pio/build/genericSTM32F411CE/SrcWrapper/src/LL/stm32yyxx_ll_usb.c.o
                0x080066ac                USB_WritePacket
 *fill*         0x080066d2        0x2 
 .text.USB_EPStartXfer
                0x080066d4      0x204 .pio/build/genericSTM32F411CE/SrcWrapper/src/LL/stm32yyxx_ll_usb.c.o
                0x080066d4                USB_EPStartXfer
 .text.USB_ReadPacket
                0x080068d8       0x40 .pio/build/genericSTM32F411CE/SrcWrapper/src/LL/stm32yyxx_ll_usb.c.o
                0x080068d8                USB_ReadPacket
 .text.USB_EPSetStall
                0x08006918       0x56 .pio/build/genericSTM32F411CE/SrcWrapper/src/LL/stm32yyxx_ll_usb.c.o
                0x08006918                USB_EPSetStall
 .text.USB_EPClearStall
                0x0800696e       0x52 .pio/build/genericSTM32F411CE/SrcWrapper/src/LL/stm32yyxx_ll_usb.c.o
                0x0800696e                USB_EPClearStall
 .text.USB_SetDevAddress
                0x080069c0       0x20 .pio/build/genericSTM32F411CE/SrcWrapper/src/LL/stm32yyxx_ll_usb.c.o
                0x080069c0                USB_SetDevAddress
 .text.USB_DevConnect
                0x080069e0       0x1c .pio/build/genericSTM32F411CE/SrcWrapper/src/LL/stm32yyxx_ll_usb.c.o
                0x080069e0                USB_DevConnect
 .text.USB_DevDisconnect
                0x080069fc       0x1c .pio/build/genericSTM32F411CE/SrcWrapper/src/LL/stm32yyxx_ll_usb.c.o
                0x080069fc                USB_DevDisconnect
 .text.USB_ReadInterrupts
                0x08006a18        0x8 .pio/build/genericSTM32F411CE/SrcWrapper/src/LL/stm32yyxx_ll_usb.c.o
                0x08006a18                USB_ReadInterrupts
 .text.USB_ReadDevAllOutEpInterrupt
                0x08006a20       0x10 .pio/build/genericSTM32F411CE/SrcWrapper/src/LL/stm32yyxx_ll_usb.c.o
                0x08006a20                USB_ReadDevAllOutEpInterrupt
 .text.USB_ReadDevAllInEpInterrupt
                0x08006a30       0x10 .pio/build/genericSTM32F411CE/SrcWrapper/src/LL/stm32yyxx_ll_usb.c.o
                0x08006a30                USB_ReadDevAllInEpInterrupt
 .text.USB_ReadDevOutEPInterrupt
                0x08006a40       0x12 .pio/build/genericSTM32F411CE/SrcWrapper/src/LL/stm32yyxx_ll_usb.c.o
                0x08006a40                USB_ReadDevOutEPInterrupt
 .text.USB_ReadDevInEPInterrupt
                0x08006a52       0x22 .pio/build/genericSTM32F411CE/SrcWrapper/src/LL/stm32yyxx_ll_usb.c.o
                0x08006a52                USB_ReadDevInEPInterrupt
 .text.USB_GetMode
                0x08006a74        0x8 .pio/build/genericSTM32F411CE/SrcWrapper/src/LL/stm32yyxx_ll_usb.c.o
                0x08006a74                USB_GetMode
 .text.USB_ActivateSetup
                0x08006a7c       0x20 .pio/build/genericSTM32F411CE/SrcWrapper/src/LL/stm32yyxx_ll_usb.c.o
                0x08006a7c                USB_ActivateSetup
 .text.USB_EP0_OutStart
                0x08006a9c       0x4c .pio/build/genericSTM32F411CE/SrcWrapper/src/LL/stm32yyxx_ll_usb.c.o
                0x08006a9c                USB_EP0_OutStart
 .text._Znwj    0x08006ae8        0x4 .pio/build/genericSTM32F411CE/SrcWrapper/src/new.cpp.o
                0x08006ae8                operator new(unsigned int)
 .text._ZdlPvj  0x08006aec        0x4 .pio/build/genericSTM32F411CE/SrcWrapper/src/new.cpp.o
                0x08006aec                operator delete(void*, unsigned int)
 .text.set_GPIO_Port_Clock
                0x08006af0       0xd0 .pio/build/genericSTM32F411CE/SrcWrapper/src/stm32/PortNames.c.o
                0x08006af0                set_GPIO_Port_Clock
 .text.pwm_start
                0x08006bc0       0xa4 .pio/build/genericSTM32F411CE/SrcWrapper/src/stm32/analog.cpp.o
                0x08006bc0                pwm_start
 .text.pwm_stop
                0x08006c64       0x5c .pio/build/genericSTM32F411CE/SrcWrapper/src/stm32/analog.cpp.o
                0x08006c64                pwm_stop
 .text.getCurrentMicros
                0x08006cc0       0x48 .pio/build/genericSTM32F411CE/SrcWrapper/src/stm32/clock.c.o
                0x08006cc0                getCurrentMicros
 .text.getCurrentMillis
                0x08006d08        0x4 .pio/build/genericSTM32F411CE/SrcWrapper/src/stm32/clock.c.o
                0x08006d08                getCurrentMillis
 .text.noOsSystickHandler
                0x08006d0c        0x2 .pio/build/genericSTM32F411CE/SrcWrapper/src/stm32/clock.c.o
                0x08006d0c                osSystickHandler
                0x08006d0c                noOsSystickHandler
 .text.SysTick_Handler
                0x08006d0e       0x10 .pio/build/genericSTM32F411CE/SrcWrapper/src/stm32/clock.c.o
                0x08006d0e                SysTick_Handler
 .text.configHSECapacitorTuning
                0x08006d1e        0x2 .pio/build/genericSTM32F411CE/SrcWrapper/src/stm32/clock.c.o
                0x08006d1e                configHSECapacitorTuning
 .text.configIPClock
                0x08006d20       0x4c .pio/build/genericSTM32F411CE/SrcWrapper/src/stm32/clock.c.o
                0x08006d20                configIPClock
 .text.dwt_init
                0x08006d6c       0x3c .pio/build/genericSTM32F411CE/SrcWrapper/src/stm32/dwt.c.o
                0x08006d6c                dwt_init
 .text.hw_config_init
                0x08006da8       0x28 .pio/build/genericSTM32F411CE/SrcWrapper/src/stm32/hw_config.c.o
                0x08006da8                hw_config_init
 .text.startup._ZNSt8functionIFvvEEC2EDn.constprop.0.isra.0
                0x08006dd0        0xc .pio/build/genericSTM32F411CE/SrcWrapper/src/stm32/interrupt.cpp.o
 .text.HAL_GPIO_EXTI_Callback
                0x08006ddc       0x2c .pio/build/genericSTM32F411CE/SrcWrapper/src/stm32/interrupt.cpp.o
                0x08006ddc                HAL_GPIO_EXTI_Callback
 .text.EXTI0_IRQHandler
                0x08006e08        0x6 .pio/build/genericSTM32F411CE/SrcWrapper/src/stm32/interrupt.cpp.o
                0x08006e08                EXTI0_IRQHandler
 .text.EXTI1_IRQHandler
                0x08006e0e        0x6 .pio/build/genericSTM32F411CE/SrcWrapper/src/stm32/interrupt.cpp.o
                0x08006e0e                EXTI1_IRQHandler
 .text.EXTI2_IRQHandler
                0x08006e14        0x6 .pio/build/genericSTM32F411CE/SrcWrapper/src/stm32/interrupt.cpp.o
                0x08006e14                EXTI2_IRQHandler
 .text.EXTI3_IRQHandler
                0x08006e1a        0x6 .pio/build/genericSTM32F411CE/SrcWrapper/src/stm32/interrupt.cpp.o
                0x08006e1a                EXTI3_IRQHandler
 .text.EXTI4_IRQHandler
                0x08006e20        0x6 .pio/build/genericSTM32F411CE/SrcWrapper/src/stm32/interrupt.cpp.o
                0x08006e20                EXTI4_IRQHandler
 .text.EXTI9_5_IRQHandler
                0x08006e26       0x16 .pio/build/genericSTM32F411CE/SrcWrapper/src/stm32/interrupt.cpp.o
                0x08006e26                EXTI9_5_IRQHandler
 .text.EXTI15_10_IRQHandler
                0x08006e3c       0x18 .pio/build/genericSTM32F411CE/SrcWrapper/src/stm32/interrupt.cpp.o
                0x08006e3c                EXTI15_10_IRQHandler
 .text.startup._GLOBAL__sub_I__Z22stm32_interrupt_enable7PinNameSt8functionIFvvEEm
                0x08006e54       0xd8 .pio/build/genericSTM32F411CE/SrcWrapper/src/stm32/interrupt.cpp.o
 .text.exit._GLOBAL__sub_D__Z22stm32_interrupt_enable7PinNameSt8functionIFvvEEm
                0x08006f2c       0x1c .pio/build/genericSTM32F411CE/SrcWrapper/src/stm32/interrupt.cpp.o
 .text.LL_GPIO_SetPinPull
                0x08006f48       0x2a .pio/build/genericSTM32F411CE/SrcWrapper/src/stm32/pinmap.c.o
 .text.pin_in_pinmap
                0x08006f72       0x1e .pio/build/genericSTM32F411CE/SrcWrapper/src/stm32/pinmap.c.o
                0x08006f72                pin_in_pinmap
 .text.pin_function
                0x08006f90      0x11c .pio/build/genericSTM32F411CE/SrcWrapper/src/stm32/pinmap.c.o
                0x08006f90                pin_function
 .text.pinmap_pinout
                0x080070ac       0x1a .pio/build/genericSTM32F411CE/SrcWrapper/src/stm32/pinmap.c.o
                0x080070ac                pinmap_pinout
 .text.pinmap_find_peripheral
                0x080070c6       0x16 .pio/build/genericSTM32F411CE/SrcWrapper/src/stm32/pinmap.c.o
                0x080070c6                pinmap_find_peripheral
 .text.pinmap_peripheral
                0x080070dc        0xc .pio/build/genericSTM32F411CE/SrcWrapper/src/stm32/pinmap.c.o
                0x080070dc                pinmap_peripheral
 .text.pinmap_find_pin
                0x080070e8       0x16 .pio/build/genericSTM32F411CE/SrcWrapper/src/stm32/pinmap.c.o
                0x080070e8                pinmap_find_pin
 .text.pinmap_pin
                0x080070fe        0xc .pio/build/genericSTM32F411CE/SrcWrapper/src/stm32/pinmap.c.o
                0x080070fe                pinmap_pin
 .text.pinmap_find_function
                0x0800710a       0x16 .pio/build/genericSTM32F411CE/SrcWrapper/src/stm32/pinmap.c.o
                0x0800710a                pinmap_find_function
 .text.pinmap_function
                0x08007120        0xa .pio/build/genericSTM32F411CE/SrcWrapper/src/stm32/pinmap.c.o
                0x08007120                pinmap_function
 .text.pinmap_merge_peripheral
                0x0800712a       0x14 .pio/build/genericSTM32F411CE/SrcWrapper/src/stm32/pinmap.c.o
                0x0800712a                pinmap_merge_peripheral
 *fill*         0x0800713e        0x2 
 .text.SystemInit
                0x08007140       0x50 .pio/build/genericSTM32F411CE/SrcWrapper/src/stm32/system_stm32yyxx.c.o
                0x08007140                SystemInit
 .text.get_timer_obj
                0x08007190        0x4 .pio/build/genericSTM32F411CE/SrcWrapper/src/stm32/timer.c.o
                0x08007190                get_timer_obj
 .text.enableTimerClock
                0x08007194      0x128 .pio/build/genericSTM32F411CE/SrcWrapper/src/stm32/timer.c.o
                0x08007194                enableTimerClock
 .text.disableTimerClock
                0x080072bc       0xb4 .pio/build/genericSTM32F411CE/SrcWrapper/src/stm32/timer.c.o
                0x080072bc                disableTimerClock
 .text.getTimerUpIrq
                0x08007370       0x74 .pio/build/genericSTM32F411CE/SrcWrapper/src/stm32/timer.c.o
                0x08007370                getTimerUpIrq
 .text.getTimerCCIrq
                0x080073e4       0x78 .pio/build/genericSTM32F411CE/SrcWrapper/src/stm32/timer.c.o
                0x080073e4                getTimerCCIrq
 .text.HAL_TIM_Base_MspInit
                0x0800745c       0x4e .pio/build/genericSTM32F411CE/SrcWrapper/src/stm32/timer.c.o
                0x0800745c                HAL_TIM_Base_MspInit
 *fill*         0x080074aa        0x2 
 .text.getTimerClkSrc
                0x080074ac       0x54 .pio/build/genericSTM32F411CE/SrcWrapper/src/stm32/timer.c.o
                0x080074ac                getTimerClkSrc
 .text.getTimerChannel
                0x08007500       0x20 .pio/build/genericSTM32F411CE/SrcWrapper/src/stm32/timer.c.o
                0x08007500                getTimerChannel
 .text.serial_rx_active
                0x08007520       0x24 .pio/build/genericSTM32F411CE/SrcWrapper/src/stm32/uart.c.o
                0x08007520                serial_rx_active
 .text.serial_tx_active
                0x08007544       0x24 .pio/build/genericSTM32F411CE/SrcWrapper/src/stm32/uart.c.o
                0x08007544                serial_tx_active
 .text.uart_attach_tx_callback
                0x08007568       0x40 .pio/build/genericSTM32F411CE/SrcWrapper/src/stm32/uart.c.o
                0x08007568                uart_attach_tx_callback
 .text.uart_enable_tx
                0x080075a8       0x1c .pio/build/genericSTM32F411CE/SrcWrapper/src/stm32/uart.c.o
                0x080075a8                uart_enable_tx
 .text.uart_enable_rx
                0x080075c4       0x1c .pio/build/genericSTM32F411CE/SrcWrapper/src/stm32/uart.c.o
                0x080075c4                uart_enable_rx
 .text.HAL_UART_RxCpltCallback
                0x080075e0        0x6 .pio/build/genericSTM32F411CE/SrcWrapper/src/stm32/uart.c.o
                0x080075e0                HAL_UART_RxCpltCallback
 .text.HAL_UART_TxCpltCallback
                0x080075e6        0x6 .pio/build/genericSTM32F411CE/SrcWrapper/src/stm32/uart.c.o
                0x080075e6                HAL_UART_TxCpltCallback
 .text.HAL_UART_ErrorCallback
                0x080075ec       0x7c .pio/build/genericSTM32F411CE/SrcWrapper/src/stm32/uart.c.o
                0x080075ec                HAL_UART_ErrorCallback
 .text.USART1_IRQHandler
                0x08007668       0x18 .pio/build/genericSTM32F411CE/SrcWrapper/src/stm32/uart.c.o
                0x08007668                USART1_IRQHandler
 .text.USART2_IRQHandler
                0x08007680       0x1c .pio/build/genericSTM32F411CE/SrcWrapper/src/stm32/uart.c.o
                0x08007680                USART2_IRQHandler
 .text.USART6_IRQHandler
                0x0800769c       0x18 .pio/build/genericSTM32F411CE/SrcWrapper/src/stm32/uart.c.o
                0x0800769c                USART6_IRQHandler
 .text._sbrk    0x080076b4       0x3c .pio/build/genericSTM32F411CE/SrcWrapper/src/syscalls.c.o
                0x080076b4                _sbrk
 .text._exit    0x080076f0        0x2 .pio/build/genericSTM32F411CE/SrcWrapper/src/syscalls.c.o
                0x080076f0                _exit
 *fill*         0x080076f2        0x2 
 .text._kill    0x080076f4       0x10 .pio/build/genericSTM32F411CE/SrcWrapper/src/syscalls.c.o
                0x080076f4                _kill
 .text._getpid  0x08007704        0x4 .pio/build/genericSTM32F411CE/SrcWrapper/src/syscalls.c.o
                0x08007704                _getpid
 .text._ZN7TwoWire5writeEi.isra.0
                0x08007708        0x8 .pio/build/genericSTM32F411CE/src/main.cpp.o
 .text._Z8mpu_initv
                0x08007710       0xac .pio/build/genericSTM32F411CE/src/main.cpp.o
                0x08007710                mpu_init()
 .text.startup._GLOBAL__sub_I_ax
                0x080077bc       0x68 .pio/build/genericSTM32F411CE/src/main.cpp.o
 .text._Z8mpu_readv
                0x08007824       0xd8 .pio/build/genericSTM32F411CE/src/main.cpp.o
                0x08007824                mpu_read()
 .text._Z9calibratev
                0x080078fc      0x13c .pio/build/genericSTM32F411CE/src/main.cpp.o
                0x080078fc                calibrate()
 .text.setup    0x08007a38       0x64 .pio/build/genericSTM32F411CE/src/main.cpp.o
                0x08007a38                setup
 *fill*         0x08007a9c        0x4 
 .text.loop     0x08007aa0      0x31c .pio/build/genericSTM32F411CE/src/main.cpp.o
                0x08007aa0                loop
 .text._ZN5Print17availableForWriteEv
                0x08007dbc        0x4 .pio/build/genericSTM32F411CE/libf4f/libWire.a(Wire.cpp.o)
                0x08007dbc                Print::availableForWrite()
 .text._ZN7TwoWire9availableEv
                0x08007dc0        0x8 .pio/build/genericSTM32F411CE/libf4f/libWire.a(Wire.cpp.o)
                0x08007dc0                TwoWire::available()
 .text._ZN7TwoWire4readEv
                0x08007dc8       0x1a .pio/build/genericSTM32F411CE/libf4f/libWire.a(Wire.cpp.o)
                0x08007dc8                TwoWire::read()
 .text._ZN7TwoWire4peekEv
                0x08007de2       0x12 .pio/build/genericSTM32F411CE/libf4f/libWire.a(Wire.cpp.o)
                0x08007de2                TwoWire::peek()
 .text._ZN7TwoWire16onRequestServiceEP5i2c_s
                0x08007df4       0x16 .pio/build/genericSTM32F411CE/libf4f/libWire.a(Wire.cpp.o)
                0x08007df4                TwoWire::onRequestService(i2c_s*)
 *fill*         0x08007e0a        0x2 
 .text._ZN7TwoWireC2Emm
                0x08007e0c       0xcc .pio/build/genericSTM32F411CE/libf4f/libWire.a(Wire.cpp.o)
                0x08007e0c                TwoWire::TwoWire(unsigned long, unsigned long)
                0x08007e0c                TwoWire::TwoWire(unsigned long, unsigned long)
 .text._ZN7TwoWire3endEv
                0x08007ed8       0x28 .pio/build/genericSTM32F411CE/libf4f/libWire.a(Wire.cpp.o)
                0x08007ed8                TwoWire::end()
 .text._ZN7TwoWireD2Ev
                0x08007f00       0x28 .pio/build/genericSTM32F411CE/libf4f/libWire.a(Wire.cpp.o)
                0x08007f00                TwoWire::~TwoWire()
                0x08007f00                TwoWire::~TwoWire()
 .text._ZN7TwoWire17beginTransmissionEi
                0x08007f28       0x10 .pio/build/genericSTM32F411CE/libf4f/libWire.a(Wire.cpp.o)
                0x08007f28                TwoWire::beginTransmission(int)
 .text._ZN7TwoWire16allocateRxBufferEj
                0x08007f38       0x24 .pio/build/genericSTM32F411CE/libf4f/libWire.a(Wire.cpp.o)
                0x08007f38                TwoWire::allocateRxBuffer(unsigned int)
 .text._ZN7TwoWire16onReceiveServiceEP5i2c_s
                0x08007f5c       0x4c .pio/build/genericSTM32F411CE/libf4f/libWire.a(Wire.cpp.o)
                0x08007f5c                TwoWire::onReceiveService(i2c_s*)
 .text._ZN7TwoWire16allocateTxBufferEj
                0x08007fa8       0x32 .pio/build/genericSTM32F411CE/libf4f/libWire.a(Wire.cpp.o)
                0x08007fa8                TwoWire::allocateTxBuffer(unsigned int)
 .text._ZN7TwoWire5writeEh
                0x08007fda       0x42 .pio/build/genericSTM32F411CE/libf4f/libWire.a(Wire.cpp.o)
                0x08007fda                TwoWire::write(unsigned char)
 .text._ZN7TwoWire5writeEPKhj
                0x0800801c       0x42 .pio/build/genericSTM32F411CE/libf4f/libWire.a(Wire.cpp.o)
                0x0800801c                TwoWire::write(unsigned char const*, unsigned int)
 .text._ZN7TwoWire13resetRxBufferEv
                0x0800805e       0x10 .pio/build/genericSTM32F411CE/libf4f/libWire.a(Wire.cpp.o)
                0x0800805e                TwoWire::resetRxBuffer()
 .text._ZN7TwoWire13resetTxBufferEv
                0x0800806e       0x10 .pio/build/genericSTM32F411CE/libf4f/libWire.a(Wire.cpp.o)
                0x0800806e                TwoWire::resetTxBuffer()
 .text._ZN7TwoWire15endTransmissionEh
                0x0800807e       0x46 .pio/build/genericSTM32F411CE/libf4f/libWire.a(Wire.cpp.o)
                0x0800807e                TwoWire::endTransmission(unsigned char)
 .text._ZN7TwoWire11requestFromEhhmhh
                0x080080c4       0x94 .pio/build/genericSTM32F411CE/libf4f/libWire.a(Wire.cpp.o)
                0x080080c4                TwoWire::requestFrom(unsigned char, unsigned char, unsigned long, unsigned char, unsigned char)
 .text._ZN7TwoWire11requestFromEhhh
                0x08008158       0x12 .pio/build/genericSTM32F411CE/libf4f/libWire.a(Wire.cpp.o)
                0x08008158                TwoWire::requestFrom(unsigned char, unsigned char, unsigned char)
 .text._ZN7TwoWire5flushEv
                0x0800816a       0x18 .pio/build/genericSTM32F411CE/libf4f/libWire.a(Wire.cpp.o)
                0x0800816a                TwoWire::flush()
 *fill*         0x08008182        0x2 
 .text._ZN7TwoWire10recoverBusEv
                0x08008184       0xcc .pio/build/genericSTM32F411CE/libf4f/libWire.a(Wire.cpp.o)
                0x08008184                TwoWire::recoverBus()
 .text._ZN7TwoWire5beginEhbb
                0x08008250       0x9c .pio/build/genericSTM32F411CE/libf4f/libWire.a(Wire.cpp.o)
                0x08008250                TwoWire::begin(unsigned char, bool, bool)
 .text._ZN7TwoWire5beginEb
                0x080082ec        0xa .pio/build/genericSTM32F411CE/libf4f/libWire.a(Wire.cpp.o)
                0x080082ec                TwoWire::begin(bool)
 *fill*         0x080082f6        0x2 
 .text.startup._GLOBAL__sub_I__ZN7TwoWireC2Emm
                0x080082f8       0x10 .pio/build/genericSTM32F411CE/libf4f/libWire.a(Wire.cpp.o)
 .text.exit._GLOBAL__sub_D__ZN7TwoWireC2Emm
                0x08008308        0xc .pio/build/genericSTM32F411CE/libf4f/libWire.a(Wire.cpp.o)
 .text.i2c_init
                0x08008314      0x1bc .pio/build/genericSTM32F411CE/libf4f/libWire.a(twi.c.o)
                0x08008314                i2c_init
 .text.i2c_deinit
                0x080084d0       0xa0 .pio/build/genericSTM32F411CE/libf4f/libWire.a(twi.c.o)
                0x080084d0                i2c_deinit
 .text.i2c_slave_write_IT
                0x08008570       0x34 .pio/build/genericSTM32F411CE/libf4f/libWire.a(twi.c.o)
                0x08008570                i2c_slave_write_IT
 .text.i2c_master_read
                0x080085a4       0x8e .pio/build/genericSTM32F411CE/libf4f/libWire.a(twi.c.o)
                0x080085a4                i2c_master_read
 .text.i2c_IsDeviceReady
                0x08008632       0x40 .pio/build/genericSTM32F411CE/libf4f/libWire.a(twi.c.o)
                0x08008632                i2c_IsDeviceReady
 .text.i2c_master_write
                0x08008672       0xa2 .pio/build/genericSTM32F411CE/libf4f/libWire.a(twi.c.o)
                0x08008672                i2c_master_write
 .text.i2c_attachSlaveRxEvent
                0x08008714        0xe .pio/build/genericSTM32F411CE/libf4f/libWire.a(twi.c.o)
                0x08008714                i2c_attachSlaveRxEvent
 .text.i2c_attachSlaveTxEvent
                0x08008722        0xe .pio/build/genericSTM32F411CE/libf4f/libWire.a(twi.c.o)
                0x08008722                i2c_attachSlaveTxEvent
 .text.HAL_I2C_AddrCallback
                0x08008730       0x68 .pio/build/genericSTM32F411CE/libf4f/libWire.a(twi.c.o)
                0x08008730                HAL_I2C_AddrCallback
 .text.HAL_I2C_ListenCpltCallback
                0x08008798       0x2a .pio/build/genericSTM32F411CE/libf4f/libWire.a(twi.c.o)
                0x08008798                HAL_I2C_ListenCpltCallback
 .text.HAL_I2C_SlaveRxCpltCallback
                0x080087c2       0x24 .pio/build/genericSTM32F411CE/libf4f/libWire.a(twi.c.o)
                0x080087c2                HAL_I2C_SlaveRxCpltCallback
 .text.HAL_I2C_SlaveTxCpltCallback
                0x080087e6        0x8 .pio/build/genericSTM32F411CE/libf4f/libWire.a(twi.c.o)
                0x080087e6                HAL_I2C_SlaveTxCpltCallback
 .text.HAL_I2C_ErrorCallback
                0x080087ee        0xc .pio/build/genericSTM32F411CE/libf4f/libWire.a(twi.c.o)
                0x080087ee                HAL_I2C_ErrorCallback
 *fill*         0x080087fa        0x2 
 .text.I2C1_EV_IRQHandler
                0x080087fc        0xc .pio/build/genericSTM32F411CE/libf4f/libWire.a(twi.c.o)
                0x080087fc                I2C1_EV_IRQHandler
 .text.I2C1_ER_IRQHandler
                0x08008808        0xc .pio/build/genericSTM32F411CE/libf4f/libWire.a(twi.c.o)
                0x08008808                I2C1_ER_IRQHandler
 .text.I2C2_EV_IRQHandler
                0x08008814        0xc .pio/build/genericSTM32F411CE/libf4f/libWire.a(twi.c.o)
                0x08008814                I2C2_EV_IRQHandler
 .text.I2C2_ER_IRQHandler
                0x08008820        0xc .pio/build/genericSTM32F411CE/libf4f/libWire.a(twi.c.o)
                0x08008820                I2C2_ER_IRQHandler
 .text.I2C3_EV_IRQHandler
                0x0800882c        0xc .pio/build/genericSTM32F411CE/libf4f/libWire.a(twi.c.o)
                0x0800882c                I2C3_EV_IRQHandler
 .text.I2C3_ER_IRQHandler
                0x08008838        0xc .pio/build/genericSTM32F411CE/libf4f/libWire.a(twi.c.o)
                0x08008838                I2C3_ER_IRQHandler
 .text._ZN9BLDCMotor10linkDriverEP10BLDCDriver
                0x08008844        0x6 .pio/build/genericSTM32F411CE/libf63/libSimple FOC.a(BLDCMotor.cpp.o)
                0x08008844                BLDCMotor::linkDriver(BLDCDriver*)
 *fill*         0x0800884a        0x2 
 .text._ZN9BLDCMotor7disableEv
                0x0800884c       0x3c .pio/build/genericSTM32F411CE/libf63/libSimple FOC.a(BLDCMotor.cpp.o)
                0x0800884c                BLDCMotor::disable()
 .text._ZN9BLDCMotor12estimateBEMFEf
                0x08008888       0x24 .pio/build/genericSTM32F411CE/libf63/libSimple FOC.a(BLDCMotor.cpp.o)
                0x08008888                BLDCMotor::estimateBEMF(float)
 .text._ZN9BLDCMotor6enableEv
                0x080088ac       0x5c .pio/build/genericSTM32F411CE/libf63/libSimple FOC.a(BLDCMotor.cpp.o)
                0x080088ac                BLDCMotor::enable()
 .text._ZN9BLDCMotor15setPhaseVoltageEfff
                0x08008908      0x31c .pio/build/genericSTM32F411CE/libf63/libSimple FOC.a(BLDCMotor.cpp.o)
                0x08008908                BLDCMotor::setPhaseVoltage(float, float, float)
 .text._ZN9BLDCMotor4initEv
                0x08008c24      0x110 .pio/build/genericSTM32F411CE/libf63/libSimple FOC.a(BLDCMotor.cpp.o)
                0x08008c24                BLDCMotor::init()
 .text._ZN9BLDCMotorC2Eiffff
                0x08008d34       0x4c .pio/build/genericSTM32F411CE/libf63/libSimple FOC.a(BLDCMotor.cpp.o)
                0x08008d34                BLDCMotor::BLDCMotor(int, float, float, float, float)
                0x08008d34                BLDCMotor::BLDCMotor(int, float, float, float, float)
 .text._ZN8FOCMotor12estimateBEMFEf
                0x08008d80        0xc .pio/build/genericSTM32F411CE/libf63/libSimple FOC.a(FOCMotor.cpp.o)
                0x08008d80                FOCMotor::estimateBEMF(float)
 .text._ZN8FOCMotorC2Ev
                0x08008d8c      0x1b4 .pio/build/genericSTM32F411CE/libf63/libSimple FOC.a(FOCMotor.cpp.o)
                0x08008d8c                FOCMotor::FOCMotor()
                0x08008d8c                FOCMotor::FOCMotor()
 .text._ZN8FOCMotor10shaftAngleEv
                0x08008f40       0x38 .pio/build/genericSTM32F411CE/libf63/libSimple FOC.a(FOCMotor.cpp.o)
                0x08008f40                FOCMotor::shaftAngle()
 .text._ZN8FOCMotor13shaftVelocityEv
                0x08008f78       0x38 .pio/build/genericSTM32F411CE/libf63/libSimple FOC.a(FOCMotor.cpp.o)
                0x08008f78                FOCMotor::shaftVelocity()
 .text._ZN8FOCMotor15electricalAngleEv
                0x08008fb0       0x46 .pio/build/genericSTM32F411CE/libf63/libSimple FOC.a(FOCMotor.cpp.o)
                0x08008fb0                FOCMotor::electricalAngle()
 *fill*         0x08008ff6        0x2 
 .text._ZN8FOCMotor7loopFOCEv
                0x08008ff8      0x458 .pio/build/genericSTM32F411CE/libf63/libSimple FOC.a(FOCMotor.cpp.o)
                0x08008ff8                FOCMotor::loopFOC()
 .text._ZN8FOCMotor16velocityOpenloopEf
                0x08009450       0x88 .pio/build/genericSTM32F411CE/libf63/libSimple FOC.a(FOCMotor.cpp.o)
                0x08009450                FOCMotor::velocityOpenloop(float)
 .text._ZN8FOCMotor13angleOpenloopEf
                0x080094d8       0xd4 .pio/build/genericSTM32F411CE/libf63/libSimple FOC.a(FOCMotor.cpp.o)
                0x080094d8                FOCMotor::angleOpenloop(float)
 .text._ZN8FOCMotor4moveEf
                0x080095ac      0x188 .pio/build/genericSTM32F411CE/libf63/libSimple FOC.a(FOCMotor.cpp.o)
                0x080095ac                FOCMotor::move(float)
 .text._ZN8FOCMotor19updateVelocityLimitEf
                0x08009734       0x16 .pio/build/genericSTM32F411CE/libf63/libSimple FOC.a(FOCMotor.cpp.o)
                0x08009734                FOCMotor::updateVelocityLimit(float)
 .text._ZN8FOCMotor18updateCurrentLimitEf
                0x0800974a       0x1c .pio/build/genericSTM32F411CE/libf63/libSimple FOC.a(FOCMotor.cpp.o)
                0x0800974a                FOCMotor::updateCurrentLimit(float)
 .text._ZN8FOCMotor18updateVoltageLimitEf
                0x08009766       0x24 .pio/build/genericSTM32F411CE/libf63/libSimple FOC.a(FOCMotor.cpp.o)
                0x08009766                FOCMotor::updateVoltageLimit(float)
 *fill*         0x0800978a        0x2 
 .text._ZN8FOCMotor17alignCurrentSenseEv
                0x0800978c       0x68 .pio/build/genericSTM32F411CE/libf63/libSimple FOC.a(FOCMotor.cpp.o)
                0x0800978c                FOCMotor::alignCurrentSense()
 .text._ZN8FOCMotor18absoluteZeroSearchEv
                0x080097f4       0xd4 .pio/build/genericSTM32F411CE/libf63/libSimple FOC.a(FOCMotor.cpp.o)
                0x080097f4                FOCMotor::absoluteZeroSearch()
 .text._ZN8FOCMotor11alignSensorEv
                0x080098c8      0x280 .pio/build/genericSTM32F411CE/libf63/libSimple FOC.a(FOCMotor.cpp.o)
                0x080098c8                FOCMotor::alignSensor()
 .text._ZN8FOCMotor7initFOCEv
                0x08009b48       0xd8 .pio/build/genericSTM32F411CE/libf63/libSimple FOC.a(FOCMotor.cpp.o)
                0x08009b48                FOCMotor::initFOC()
 .text._Z4_sinf
                0x08009c20       0x80 .pio/build/genericSTM32F411CE/libf63/libSimple FOC.a(foc_utils.cpp.o)
                0x08009c20                _sin(float)
 .text._Z4_cosf
                0x08009ca0       0x2c .pio/build/genericSTM32F411CE/libf63/libSimple FOC.a(foc_utils.cpp.o)
                0x08009ca0                _cos(float)
 .text._Z7_sincosfPfS_
                0x08009ccc       0x28 .pio/build/genericSTM32F411CE/libf63/libSimple FOC.a(foc_utils.cpp.o)
                0x08009ccc                _sincos(float, float*, float*)
 .text._Z15_normalizeAnglef
                0x08009cf4       0x2c .pio/build/genericSTM32F411CE/libf63/libSimple FOC.a(foc_utils.cpp.o)
                0x08009cf4                _normalizeAngle(float)
 .text._Z16_electricalAnglefi
                0x08009d20        0xe .pio/build/genericSTM32F411CE/libf63/libSimple FOC.a(foc_utils.cpp.o)
                0x08009d20                _electricalAngle(float, int)
 .text._ZN13LowPassFilterC2Eff
                0x08009d2e       0x1a .pio/build/genericSTM32F411CE/libf63/libSimple FOC.a(lowpass_filter.cpp.o)
                0x08009d2e                LowPassFilter::LowPassFilter(float, float)
                0x08009d2e                LowPassFilter::LowPassFilter(float, float)
 .text._ZN13LowPassFilterclEf
                0x08009d48       0x88 .pio/build/genericSTM32F411CE/libf63/libSimple FOC.a(lowpass_filter.cpp.o)
                0x08009d48                LowPassFilter::operator()(float)
 .text._ZN13PIDControllerC2Effffff
                0x08009dd0       0x2e .pio/build/genericSTM32F411CE/libf63/libSimple FOC.a(pid.cpp.o)
                0x08009dd0                PIDController::PIDController(float, float, float, float, float, float)
                0x08009dd0                PIDController::PIDController(float, float, float, float, float, float)
 *fill*         0x08009dfe        0x2 
 .text._ZN13PIDControllerclEf
                0x08009e00      0x160 .pio/build/genericSTM32F411CE/libf63/libSimple FOC.a(pid.cpp.o)
                0x08009e00                PIDController::operator()(float)
 .text._ZN13PIDController5resetEv
                0x08009f60        0xa .pio/build/genericSTM32F411CE/libf63/libSimple FOC.a(pid.cpp.o)
                0x08009f60                PIDController::reset()
 .text._Z6_delaym
                0x08009f6a        0x4 .pio/build/genericSTM32F411CE/libf63/libSimple FOC.a(time_utils.cpp.o)
                0x08009f6a                _delay(unsigned long)
 .text._Z7_microsv
                0x08009f6e        0x4 .pio/build/genericSTM32F411CE/libf63/libSimple FOC.a(time_utils.cpp.o)
                0x08009f6e                _micros()
 *fill*         0x08009f72        0x2 
 .text._ZN14SimpleFOCDebug7printlnEPK19__FlashStringHelper
                0x08009f74       0x14 .pio/build/genericSTM32F411CE/libf63/libSimple FOC.a(SimpleFOCDebug.cpp.o)
                0x08009f74                SimpleFOCDebug::println(__FlashStringHelper const*)
 .text._ZN14SimpleFOCDebug7printlnEPK19__FlashStringHelperf
                0x08009f88       0x34 .pio/build/genericSTM32F411CE/libf63/libSimple FOC.a(SimpleFOCDebug.cpp.o)
                0x08009f88                SimpleFOCDebug::println(__FlashStringHelper const*, float)
 .text._ZN14SimpleFOCDebug7printlnEPK19__FlashStringHelperi
                0x08009fbc       0x28 .pio/build/genericSTM32F411CE/libf63/libSimple FOC.a(SimpleFOCDebug.cpp.o)
                0x08009fbc                SimpleFOCDebug::println(__FlashStringHelper const*, int)
 .text._ZN14SimpleFOCDebug5printEPKc
                0x08009fe4       0x14 .pio/build/genericSTM32F411CE/libf63/libSimple FOC.a(SimpleFOCDebug.cpp.o)
                0x08009fe4                SimpleFOCDebug::print(char const*)
 .text._ZN10BLDCDriver4typeEv
                0x08009ff8        0x4 .pio/build/genericSTM32F411CE/libf63/libSimple FOC.a(BLDCDriver3PWM.cpp.o)
                0x08009ff8                BLDCDriver::type()
 .text._ZN14BLDCDriver3PWM6enableEv
                0x08009ffc       0x80 .pio/build/genericSTM32F411CE/libf63/libSimple FOC.a(BLDCDriver3PWM.cpp.o)
                0x08009ffc                BLDCDriver3PWM::enable()
 .text._ZN14BLDCDriver3PWM7disableEv
                0x0800a07c       0x90 .pio/build/genericSTM32F411CE/libf63/libSimple FOC.a(BLDCDriver3PWM.cpp.o)
                0x0800a07c                BLDCDriver3PWM::disable()
 .text._ZN14BLDCDriver3PWM13setPhaseStateE10PhaseStateS0_S0_
                0x0800a10c       0x80 .pio/build/genericSTM32F411CE/libf63/libSimple FOC.a(BLDCDriver3PWM.cpp.o)
                0x0800a10c                BLDCDriver3PWM::setPhaseState(PhaseState, PhaseState, PhaseState)
 .text._ZN14BLDCDriver3PWM4initEv
                0x0800a18c       0xb4 .pio/build/genericSTM32F411CE/libf63/libSimple FOC.a(BLDCDriver3PWM.cpp.o)
                0x0800a18c                BLDCDriver3PWM::init()
 .text._ZN14BLDCDriver3PWM6setPwmEfff
                0x0800a240       0xf4 .pio/build/genericSTM32F411CE/libf63/libSimple FOC.a(BLDCDriver3PWM.cpp.o)
                0x0800a240                BLDCDriver3PWM::setPwm(float, float, float)
 .text._ZN14BLDCDriver3PWMC2Eiiiiii
                0x0800a334       0x40 .pio/build/genericSTM32F411CE/libf63/libSimple FOC.a(BLDCDriver3PWM.cpp.o)
                0x0800a334                BLDCDriver3PWM::BLDCDriver3PWM(int, int, int, int, int, int)
                0x0800a334                BLDCDriver3PWM::BLDCDriver3PWM(int, int, int, int, int, int)
 .text._Z14_configure3PWMliii
                0x0800a374       0x2a .pio/build/genericSTM32F411CE/libf63/libSimple FOC.a(generic_mcu.cpp.o)
                0x0800a374                _configure3PWM(long, int, int, int)
 *fill*         0x0800a39e        0x2 
 .text._Z19_writeDutyCycle3PWMfffPv
                0x0800a3a0       0x58 .pio/build/genericSTM32F411CE/libf63/libSimple FOC.a(generic_mcu.cpp.o)
                0x0800a3a0                _writeDutyCycle3PWM(float, float, float, void*)
 .text._ZN17MagneticSensorSPIC2E25MagneticSensorSPIConfig_sil
                0x0800a3f8       0x98 .pio/build/genericSTM32F411CE/libf63/libSimple FOC.a(MagneticSensorSPI.cpp.o)
                0x0800a3f8                MagneticSensorSPI::MagneticSensorSPI(MagneticSensorSPIConfig_s, int, long)
                0x0800a3f8                MagneticSensorSPI::MagneticSensorSPI(MagneticSensorSPIConfig_s, int, long)
 .text._ZN17MagneticSensorSPI17spiCalcEvenParityEj
                0x0800a490       0x22 .pio/build/genericSTM32F411CE/libf63/libSimple FOC.a(MagneticSensorSPI.cpp.o)
                0x0800a490                MagneticSensorSPI::spiCalcEvenParity(unsigned int)
 *fill*         0x0800a4b2        0x2 
 .text._ZN17MagneticSensorSPI4readEj
                0x0800a4b4       0xc4 .pio/build/genericSTM32F411CE/libf63/libSimple FOC.a(MagneticSensorSPI.cpp.o)
                0x0800a4b4                MagneticSensorSPI::read(unsigned int)
 .text._ZN17MagneticSensorSPI11getRawCountEv
                0x0800a578        0x6 .pio/build/genericSTM32F411CE/libf63/libSimple FOC.a(MagneticSensorSPI.cpp.o)
                0x0800a578                MagneticSensorSPI::getRawCount()
 *fill*         0x0800a57e        0x2 
 .text._ZN17MagneticSensorSPI14getSensorAngleEv
                0x0800a580       0x28 .pio/build/genericSTM32F411CE/libf63/libSimple FOC.a(MagneticSensorSPI.cpp.o)
                0x0800a580                MagneticSensorSPI::getSensorAngle()
 .text._ZN12CurrentSense13getABCurrentsE7Phase_s
                0x0800a5a8       0x9c .pio/build/genericSTM32F411CE/libf63/libSimple FOC.a(CurrentSense.cpp.o)
                0x0800a5a8                CurrentSense::getABCurrents(Phase_s)
 .text._ZN12CurrentSense13getDQCurrentsE4AB_sf
                0x0800a644       0x3e .pio/build/genericSTM32F411CE/libf63/libSimple FOC.a(CurrentSense.cpp.o)
                0x0800a644                CurrentSense::getDQCurrents(AB_s, float)
 .text._ZN12CurrentSense14getFOCCurrentsEf
                0x0800a682       0x2c .pio/build/genericSTM32F411CE/libf63/libSimple FOC.a(CurrentSense.cpp.o)
                0x0800a682                CurrentSense::getFOCCurrents(float)
 *fill*         0x0800a6ae        0x2 
 .text._ZN6Sensor11getVelocityEv
                0x0800a6b0       0xa8 .pio/build/genericSTM32F411CE/libf63/libSimple FOC.a(Sensor.cpp.o)
                0x0800a6b0                Sensor::getVelocity()
 .text._ZN6Sensor18getMechanicalAngleEv
                0x0800a758        0x6 .pio/build/genericSTM32F411CE/libf63/libSimple FOC.a(Sensor.cpp.o)
                0x0800a758                Sensor::getMechanicalAngle()
 *fill*         0x0800a75e        0x2 
 .text._ZN6Sensor8getAngleEv
                0x0800a760       0x1c .pio/build/genericSTM32F411CE/libf63/libSimple FOC.a(Sensor.cpp.o)
                0x0800a760                Sensor::getAngle()
 *fill*         0x0800a77c        0x4 